Archive member included to satisfy reference by file (symbol)

D:/HBBTools/wups/lib\libwups.a(WUPSConfigCategory.o)
                              main.o (_ZN18WUPSConfigCategoryD1Ev)
D:/HBBTools/wups/lib\libwups.a(WUPSConfigItem.o)
                              main.o (_ZN14WUPSConfigItemD2Ev)
D:/HBBTools/wups/lib\libwups.a(WUPSConfigItemBooleanCpp.o)
                              main.o (_ZN21WUPSConfigItemBoolean6CreateESt8optionalINSt7__cxx1112basic_stringIcSt11char_traitsIcESaIcEEEESt17basic_string_viewIcS4_EbbPFvP17ConfigItemBooleanbER19WUPSConfigAPIStatus)
D:/HBBTools/wups/lib\libwups.a(WUPSConfigItemIntegerRangeCpp.o)
                              main.o (_ZN26WUPSConfigItemIntegerRange6CreateESt8optionalINSt7__cxx1112basic_stringIcSt11char_traitsIcESaIcEEEESt17basic_string_viewIcS4_EiiiiPFvP22ConfigItemIntegerRangeiE)
D:/HBBTools/wups/lib\libwups.a(WUPSConfigItemMultipleValuesCpp.o)
                              main.o (_ZN28WUPSConfigItemMultipleValues15CreateFromValueESt8optionalIKNSt7__cxx1112basic_stringIcSt11char_traitsIcESaIcEEEESt17basic_string_viewIcS4_EiiRKSt4spanIKNS_9ValuePairELj4294967295EEPFvP24ConfigItemMultipleValuesjE)
D:/HBBTools/wups/lib\libwups.a(WUPSConfigItemStubCpp.o)
                              main.o (_ZN18WUPSConfigItemStub6CreateESt17basic_string_viewIcSt11char_traitsIcEE)
D:/HBBTools/wups/lib\libwups.a(config_api.o)
                              main.o (WUPSConfigAPI_GetStatusStr)
D:/HBBTools/wups/lib\libwups.a(main.o)
                              (__wups_start)
D:/HBBTools/wups/lib\libwups.a(storage.o)
                              main.o (WUPSStorageAPI_InitInternal)
D:/HBBTools/wups/lib\libwups.a(storageCPP.o)
                              main.o (_ZN14WUPSStorageAPI11SaveStorageEb)
D:/HBBTools/wups/lib\libwups.a(wups_reent.o)
                              D:/HBBTools/wups/lib\libwups.a(main.o) (_Z15__wups_getreentv)
D:/HBBTools/wups/lib\libwups.a(wups_thread_specific.o)
                              D:/HBBTools/wups/lib\libwups.a(main.o) (wups_set_thread_specific)
D:/HBBTools/wups/lib\libwups.a(WUPSConfigItemBoolean.o)
                              D:/HBBTools/wups/lib\libwups.a(WUPSConfigItemBooleanCpp.o) (WUPSConfigItemBoolean_CreateEx)
D:/HBBTools/wups/lib\libwups.a(WUPSConfigItemIntegerRange.o)
                              D:/HBBTools/wups/lib\libwups.a(WUPSConfigItemIntegerRangeCpp.o) (WUPSConfigItemIntegerRange_Create)
D:/HBBTools/wups/lib\libwups.a(WUPSConfigItemMultipleValues.o)
                              D:/HBBTools/wups/lib\libwups.a(WUPSConfigItemMultipleValuesCpp.o) (WUPSConfigItemMultipleValues_Create)
D:/HBBTools/wups/lib\libwups.a(WUPSConfigItemStub.o)
                              D:/HBBTools/wups/lib\libwups.a(WUPSConfigItemStubCpp.o) (WUPSConfigItemStub_Create)
D:/HBBTools/wut/lib\libwut.a(coreinit.o)
                              D:/HBBTools/wups/lib\libwups.a(config_api.o) (OSDynLoad_Acquire)
D:/HBBTools/wut/lib\libwut.a(wut_newlib.o)
                              main.o (__init_wut_newlib)
D:/HBBTools/wut/lib\libwut.a(wut_reent.o)
                              D:/HBBTools/wut/lib\libwut.a(wut_newlib.o) (__wut_getreent)
D:/HBBTools/wut/lib\libwut.a(wut_sbrk.o)
                              D:/HBBTools/wut/lib\libwut.a(wut_newlib.o) (__wut_sbrk_r)
D:/HBBTools/wut/lib\libwut.a(wut_malloc.o)
                              main.o (__init_wut_malloc)
D:/HBBTools/wut/lib\libwut.a(wut_gthread.o)
                              main.o (__init_wut_stdcpp)
D:/HBBTools/wut/lib\libwut.a(wut_gthread_keys.o)
                              D:/HBBTools/wut/lib\libwut.a(wut_gthread.o) (_Z16__wut_key_createP11__wut_key_tPFvPvE)
D:/HBBTools/wut/lib\libwut.a(wut_gthread_mutex.o)
                              D:/HBBTools/wut/lib\libwut.a(wut_gthread.o) (_Z25__wut_mutex_init_functionP7OSMutex)
D:/HBBTools/wut/lib\libwut.a(wut_gthread_once.o)
                              D:/HBBTools/wut/lib\libwut.a(wut_gthread.o) (_Z10__wut_oncePVjPFvvE)
D:/HBBTools/wut/lib\libwut.a(wut_gthread_recursive_mutex.o)
                              D:/HBBTools/wut/lib\libwut.a(wut_gthread.o) (_Z35__wut_recursive_mutex_init_functionP7OSMutex)
D:/HBBTools/wut/lib\libwut.a(wut_gthread_thread.o)
                              D:/HBBTools/wut/lib\libwut.a(wut_gthread.o) (_Z19__wut_thread_createPP8OSThreadPFPvS2_ES2_)
D:/HBBTools/wut/lib\libwut.a(devoptab_fsa.o)
                              main.o (__init_wut_devoptab)
D:/HBBTools/wut/lib\libwut.a(devoptab_fsa_dirclose.o)
                              D:/HBBTools/wut/lib\libwut.a(devoptab_fsa.o) (__wut_fsa_dirclose)
D:/HBBTools/wut/lib\libwut.a(devoptab_fsa_dirnext.o)
                              D:/HBBTools/wut/lib\libwut.a(devoptab_fsa.o) (__wut_fsa_dirnext)
D:/HBBTools/wut/lib\libwut.a(devoptab_fsa_diropen.o)
                              D:/HBBTools/wut/lib\libwut.a(devoptab_fsa.o) (__wut_fsa_diropen)
D:/HBBTools/wut/lib\libwut.a(devoptab_fsa_dirreset.o)
[...]
Memory Configuration

Name             Origin             Length             Attributes
codemem          0x02000000         0x0e000000         xrw
datamem          0x10000000         0x32000000         rw
loadmem          0xc0000000         0x08000000         xrw
*default*        0x00000000         0xffffffff

Linker script and memory map

                0x02000000                        . = ORIGIN (codemem)

.syscall
 *(.syscall .syscall.*)

.text           0x02000000    0x19ee8
 *(.crt0)
 *(SORT_NONE(.init))
 .init          0x02000000        0xc D:/HBBTools/devkitPPC/bin/../lib/gcc/powerpc-eabi/14.2.0/ecrti.o
                0x02000000                __init
 .init          0x0200000c        0x4 D:/HBBTools/devkitPPC/bin/../lib/gcc/powerpc-eabi/14.2.0/crtbegin.o
 .init          0x02000010        0x4 D:/HBBTools/devkitPPC/bin/../lib/gcc/powerpc-eabi/14.2.0/crtend.o
 .init          0x02000014       0x10 D:/HBBTools/devkitPPC/bin/../lib/gcc/powerpc-eabi/14.2.0/ecrtn.o
 *(.text.unlikely .text.*_unlikely .text.unlikely.*)
 .text.unlikely.abort
                0x02000024       0xb4 D:/HBBTools/wups/lib\libwups.a(main.o)
                                 0xa4 (size before relaxing)
                0x02000024                abort
 .text.unlikely._ZN9__gnu_cxx30__throw_concurrence_lock_errorEv
                0x020000d8       0x34 D:/HBBTools/devkitPPC/bin/../lib/gcc/powerpc-eabi/14.2.0/../../../../powerpc-eabi/lib\libstdc++.a(eh_alloc.o)
                0x020000d8                _ZN9__gnu_cxx30__throw_concurrence_lock_errorEv
 .text.unlikely._ZN9__gnu_cxx32__throw_concurrence_unlock_errorEv
                0x0200010c       0x34 D:/HBBTools/devkitPPC/bin/../lib/gcc/powerpc-eabi/14.2.0/../../../../powerpc-eabi/lib\libstdc++.a(eh_alloc.o)
                0x0200010c                _ZN9__gnu_cxx32__throw_concurrence_unlock_errorEv
 .text.unlikely._ZSt9terminatev
                0x02000140       0x24 D:/HBBTools/devkitPPC/bin/../lib/gcc/powerpc-eabi/14.2.0/../../../../powerpc-eabi/lib\libstdc++.a(eh_terminate.o)
                0x02000140                _ZSt9terminatev
 .text.unlikely._ZSt10unexpectedv
                0x02000164       0x24 D:/HBBTools/devkitPPC/bin/../lib/gcc/powerpc-eabi/14.2.0/../../../../powerpc-eabi/lib\libstdc++.a(eh_terminate.o)
                0x02000164                _ZSt10unexpectedv
 .text.unlikely._ZSt17__throw_bad_allocv
                0x02000188       0x34 D:/HBBTools/devkitPPC/bin/../lib/gcc/powerpc-eabi/14.2.0/../../../../powerpc-eabi/lib\libstdc++.a(functexcept.o)
                0x02000188                _ZSt17__throw_bad_allocv
 .text.unlikely._ZSt19__throw_logic_errorPKc
                0x020001bc       0x58 D:/HBBTools/devkitPPC/bin/../lib/gcc/powerpc-eabi/14.2.0/../../../../powerpc-eabi/lib\libstdc++.a(functexcept.o)
                0x020001bc                _ZSt19__throw_logic_errorPKc
 .text.unlikely._ZSt20__throw_length_errorPKc
                0x02000214       0x58 D:/HBBTools/devkitPPC/bin/../lib/gcc/powerpc-eabi/14.2.0/../../../../powerpc-eabi/lib\libstdc++.a(functexcept.o)
                0x02000214                _ZSt20__throw_length_errorPKc
 .text.unlikely.__cxa_call_terminate
                0x0200026c       0x58 D:/HBBTools/devkitPPC/bin/../lib/gcc/powerpc-eabi/14.2.0/../../../../powerpc-eabi/lib\libstdc++.a(eh_call.o)
                0x0200026c                __cxa_call_terminate
 *(.text.exit .text.exit.*)
 .text.exit._GLOBAL__sub_D_sDefaultValues
                0x020002c4        0xc D:/HBBTools/wums/lib\libnotifications.a(utils.o)
 .text.exit._GLOBAL__sub_D__ZN9__gnu_cxx9__freeresEv
                0x020002d0       0x5c D:/HBBTools/devkitPPC/bin/../lib/gcc/powerpc-eabi/14.2.0/../../../../powerpc-eabi/lib\libstdc++.a(eh_alloc.o)
 .text.exit._GLOBAL__sub_D__ZN17__eh_globals_init7_S_initE
                0x0200032c       0x48 D:/HBBTools/devkitPPC/bin/../lib/gcc/powerpc-eabi/14.2.0/../../../../powerpc-eabi/lib\libstdc++.a(eh_globals.o)
 *(.text.startup .text.startup.*)
 .text.startup._GLOBAL__sub_I_sDefaultValues
                0x02000374       0x28 D:/HBBTools/wums/lib\libnotifications.a(utils.o)
 .text.startup._GLOBAL__sub_I__ZN9__gnu_cxx9__freeresEv
                0x0200039c      0x21c D:/HBBTools/devkitPPC/bin/../lib/gcc/powerpc-eabi/14.2.0/../../../../powerpc-eabi/lib\libstdc++.a(eh_alloc.o)
 .text.startup._GLOBAL__sub_I__ZN17__eh_globals_init7_S_initE
                0x020005b8       0x50 D:/HBBTools/devkitPPC/bin/../lib/gcc/powerpc-eabi/14.2.0/../../../../powerpc-eabi/lib\libstdc++.a(eh_globals.o)
 *(.text.hot .text.hot.*)
 *(SORT_BY_NAME(.text.sorted.*))
 *(.text .stub .text.* .gnu.linkonce.t.*)
 .text.__do_global_dtors_aux
                0x02000608       0xcc D:/HBBTools/devkitPPC/bin/../lib/gcc/powerpc-eabi/14.2.0/crtbegin.o
 .text.frame_dummy
                0x020006d4       0x24 D:/HBBTools/devkitPPC/bin/../lib/gcc/powerpc-eabi/14.2.0/crtbegin.o
 .text._Z18on_init_wut_mallocv
                0x020006f8        0x4 main.o
                0x020006f8                _Z18on_init_wut_mallocv
 .text._Z18on_fini_wut_mallocv
                0x020006fc        0x4 main.o
                0x020006fc                _Z18on_fini_wut_mallocv
 .text._Z19on_init_wut_socketsv
                0x02000700       0x14 main.o
                0x02000700                _Z19on_init_wut_socketsv
 .text._Z19on_fini_wut_socketsv
                0x02000714       0x14 main.o
                0x02000714                _Z19on_fini_wut_socketsv
 .text._Z18on_init_wut_newlibv
                0x02000728        0x4 main.o
                0x02000728                _Z18on_init_wut_newlibv
 .text._Z18on_fini_wut_newlibv
                0x0200072c        0x4 main.o
                0x0200072c                _Z18on_fini_wut_newlibv
 .text._Z18on_init_wut_stdcppv
                0x02000730        0x4 main.o
                0x02000730                _Z18on_init_wut_stdcppv
 .text._Z18on_fini_wut_stdcppv
                0x02000734        0x4 main.o
                0x02000734                _Z18on_fini_wut_stdcppv
 .text._Z14__init_wrapperv
                0x02000738       0x50 main.o
                                 0x40 (size before relaxing)
                0x02000738                _Z14__init_wrapperv
 .text._Z14__fini_wrapperv
                0x02000788        0x4 main.o
                0x02000788                _Z14__fini_wrapperv
 .text._Z26wups_init_config_functions30wups_loader_init_config_args_t
                0x0200078c       0x38 main.o
                0x0200078c                _Z26wups_init_config_functions30wups_loader_init_config_args_t
 .text._Z20on_init_wut_devoptabv
                0x020007c4        0x4 main.o
                0x020007c4                _Z20on_init_wut_devoptabv
 .text._Z20on_fini_wut_devoptabv
                0x020007c8        0x4 main.o
                0x020007c8                _Z20on_fini_wut_devoptabv
 .text._Z12init_storage32wups_loader_init_storage_args_t_
                0x020007cc       0x34 main.o
                0x020007cc                _Z12init_storage32wups_loader_init_storage_args_t_
 .text._Z20on_app_requests_exitv
                0x02000800       0x44 main.o
                                 0x34 (size before relaxing)
                0x02000800                _Z20on_app_requests_exitv
 .text._Z13my_FSOpenFileP8FSClientP10FSCmdBlockPKcS4_Pii
                0x02000844       0xc0 main.o
                                 0xb0 (size before relaxing)
                0x02000844                _Z13my_FSOpenFileP8FSClientP10FSCmdBlockPKcS4_Pii
 .text._ZN21WUPSConfigItemBooleanD2Ev
                0x02000904       0x10 main.o
                0x02000904                _ZN21WUPSConfigItemBooleanD1Ev
                0x02000904                _ZN21WUPSConfigItemBooleanD2Ev
 .text._ZN21WUPSConfigItemBooleanD0Ev
                0x02000914       0x40 main.o
                0x02000914                _ZN21WUPSConfigItemBooleanD0Ev
 .text._ZN26WUPSConfigItemIntegerRangeD2Ev
                0x02000954       0x10 main.o
                0x02000954                _ZN26WUPSConfigItemIntegerRangeD2Ev
                0x02000954                _ZN26WUPSConfigItemIntegerRangeD1Ev
 .text._ZN26WUPSConfigItemIntegerRangeD0Ev
                0x02000964       0x40 main.o
                0x02000964                _ZN26WUPSConfigItemIntegerRangeD0Ev
 .text._ZN28WUPSConfigItemMultipleValuesD2Ev
                0x020009a4       0x10 main.o
                0x020009a4                _ZN28WUPSConfigItemMultipleValuesD1Ev
                0x020009a4                _ZN28WUPSConfigItemMultipleValuesD2Ev
 .text._ZN28WUPSConfigItemMultipleValuesD0Ev
                0x020009b4       0x40 main.o
                0x020009b4                _ZN28WUPSConfigItemMultipleValuesD0Ev
 .text._ZN18WUPSConfigItemStubD2Ev
                0x020009f4       0x10 main.o
                0x020009f4                _ZN18WUPSConfigItemStubD2Ev
                0x020009f4                _ZN18WUPSConfigItemStubD1Ev
 .text._ZN18WUPSConfigItemStubD0Ev
                0x02000a04       0x40 main.o
                0x02000a04                _ZN18WUPSConfigItemStubD0Ev
 .text._Z24ConfigMenuClosedCallbackv
                0x02000a44        0x8 main.o
                0x02000a44                _Z24ConfigMenuClosedCallbackv
 .text._Z15on_app_startingv
                0x02000a4c       0x28 main.o
                0x02000a4c                _Z15on_app_startingv
 .text._Z13on_app_endingv
                0x02000a74        0x4 main.o
                0x02000a74                _Z13on_app_endingv
 .text._Z13deinit_pluginv
                0x02000a78        0x4 main.o
                0x02000a78                _Z13deinit_pluginv
 .text._Z11init_pluginv
                0x02000a7c      0x218 main.o
                                0x208 (size before relaxing)
                0x02000a7c                _Z11init_pluginv
 .text._Z23integerRangeItemChangedP22ConfigItemIntegerRangei
                0x02000c94      0x100 main.o
                                 0xf0 (size before relaxing)
                0x02000c94                _Z23integerRangeItemChangedP22ConfigItemIntegerRangei
 .text._Z15boolItemChangedP17ConfigItemBooleanb
                0x02000d94      0x278 main.o
                                0x268 (size before relaxing)
                0x02000d94                _Z15boolItemChangedP17ConfigItemBooleanb
 .text._ZNSt22_Optional_payload_baseINSt7__cxx1112basic_stringIcSt11char_traitsIcESaIcEEEE8_M_resetEv
                0x0200100c       0x34 main.o
                0x0200100c                _ZNSt22_Optional_payload_baseINSt7__cxx1112basic_stringIcSt11char_traitsIcESaIcEEEE8_M_resetEv
 .text._Z24ConfigMenuOpenedCallback24WUPSConfigCategoryHandle
                0x02001040      0xadc main.o
                                0xacc (size before relaxing)
                0x02001040                _Z24ConfigMenuOpenedCallback24WUPSConfigCategoryHandle
 .text.initLogging
                0x02001b1c        0x4 logger.o
                0x02001b1c                initLogging
 .text.deinitLogging
                0x02001b20        0x4 logger.o
                0x02001b20                deinitLogging
 .text._ZN18WUPSConfigCategoryD2Ev
                0x02001b24       0x40 D:/HBBTools/wups/lib\libwups.a(WUPSConfigCategory.o)
                0x02001b24                _ZN18WUPSConfigCategoryD2Ev
                0x02001b24                _ZN18WUPSConfigCategoryD1Ev
 .text._ZN18WUPSConfigCategoryD0Ev
                0x02001b64       0x54 D:/HBBTools/wups/lib\libwups.a(WUPSConfigCategory.o)
                0x02001b64                _ZN18WUPSConfigCategoryD0Ev
 .text._ZN18WUPSConfigCategoryC2E24WUPSConfigCategoryHandle
                0x02001bb8       0x18 D:/HBBTools/wups/lib\libwups.a(WUPSConfigCategory.o)
                0x02001bb8                _ZN18WUPSConfigCategoryC1E24WUPSConfigCategoryHandle
                0x02001bb8                _ZN18WUPSConfigCategoryC2E24WUPSConfigCategoryHandle
 .text._ZN18WUPSConfigCategory6CreateESt17basic_string_viewIcSt11char_traitsIcEER19WUPSConfigAPIStatus
                0x02001bd0       0xb8 D:/HBBTools/wups/lib\libwups.a(WUPSConfigCategory.o)
                0x02001bd0                _ZN18WUPSConfigCategory6CreateESt17basic_string_viewIcSt11char_traitsIcEER19WUPSConfigAPIStatus
 .text._ZN18WUPSConfigCategory3addEOS_R19WUPSConfigAPIStatus
                0x02001c88       0xc8 D:/HBBTools/wups/lib\libwups.a(WUPSConfigCategory.o)
                                 0xb8 (size before relaxing)
                0x02001c88                _ZN18WUPSConfigCategory3addEOS_R19WUPSConfigAPIStatus
 .text._ZN18WUPSConfigCategory3addEOS_
                0x02001d50       0xcc D:/HBBTools/wups/lib\libwups.a(WUPSConfigCategory.o)
                                 0xbc (size before relaxing)
                0x02001d50                _ZN18WUPSConfigCategory3addEOS_
 .text._ZN18WUPSConfigCategory3addEO14WUPSConfigItemR19WUPSConfigAPIStatus
                0x02001e1c       0xd0 D:/HBBTools/wups/lib\libwups.a(WUPSConfigCategory.o)
                                 0xc0 (size before relaxing)
                0x02001e1c                _ZN18WUPSConfigCategory3addEO14WUPSConfigItemR19WUPSConfigAPIStatus
 .text._ZN18WUPSConfigCategory3addEO14WUPSConfigItem
                0x02001eec       0xcc D:/HBBTools/wups/lib\libwups.a(WUPSConfigCategory.o)
                                 0xbc (size before relaxing)
                0x02001eec                _ZN18WUPSConfigCategory3addEO14WUPSConfigItem
 .text._ZNSt7__cxx1112basic_stringIcSt11char_traitsIcESaIcEE10_M_disposeEv
                0x02001fb8       0x20 D:/HBBTools/wups/lib\libwups.a(WUPSConfigCategory.o)
                0x02001fb8                _ZNSt7__cxx1112basic_stringIcSt11char_traitsIcESaIcEE10_M_disposeEv
 .text._ZN18WUPSConfigCategory6CreateESt17basic_string_viewIcSt11char_traitsIcEE
                0x02001fd8      0x26c D:/HBBTools/wups/lib\libwups.a(WUPSConfigCategory.o)
                0x02001fd8                _ZN18WUPSConfigCategory6CreateESt17basic_string_viewIcSt11char_traitsIcEE
 .text._ZN14WUPSConfigItemD2Ev
                0x02002244       0x40 D:/HBBTools/wups/lib\libwups.a(WUPSConfigItem.o)
                0x02002244                _ZN14WUPSConfigItemD1Ev
                0x02002244                _ZN14WUPSConfigItemD2Ev
 .text._ZN14WUPSConfigItemD0Ev
                0x02002284       0x54 D:/HBBTools/wups/lib\libwups.a(WUPSConfigItem.o)
                0x02002284                _ZN14WUPSConfigItemD0Ev
 .text._ZN21WUPSConfigItemBoolean6CreateESt8optionalINSt7__cxx1112basic_stringIcSt11char_traitsIcESaIcEEEESt17basic_string_viewIcS4_EbbPFvP17ConfigItemBooleanbER19WUPSConfigAPIStatus
                0x020022d8      0x1f4 D:/HBBTools/wups/lib\libwups.a(WUPSConfigItemBooleanCpp.o)
                0x020022d8                _ZN21WUPSConfigItemBoolean6CreateESt8optionalINSt7__cxx1112basic_stringIcSt11char_traitsIcESaIcEEEESt17basic_string_viewIcS4_EbbPFvP17ConfigItemBooleanbER19WUPSConfigAPIStatus
 .text._ZNSt7__cxx1112basic_stringIcSt11char_traitsIcESaIcEEC2IS3_EEPKcRKS3_
                0x020024cc      0x114 D:/HBBTools/wups/lib\libwups.a(WUPSConfigItemBooleanCpp.o)
                0x020024cc                _ZNSt7__cxx1112basic_stringIcSt11char_traitsIcESaIcEEC2IS3_EEPKcRKS3_
                0x020024cc                _ZNSt7__cxx1112basic_stringIcSt11char_traitsIcESaIcEEC1IS3_EEPKcRKS3_
 .text._ZNSt7__cxx1112basic_stringIcSt11char_traitsIcESaIcEE9_M_mutateEjjPKcj
                0x020025e0      0x1d0 D:/HBBTools/wups/lib\libwups.a(WUPSConfigItemBooleanCpp.o)
                0x020025e0                _ZNSt7__cxx1112basic_stringIcSt11char_traitsIcESaIcEE9_M_mutateEjjPKcj
 .text._ZNSt7__cxx1112basic_stringIcSt11char_traitsIcESaIcEE6appendEPKc
                0x020027b0      0x140 D:/HBBTools/wups/lib\libwups.a(WUPSConfigItemBooleanCpp.o)
                0x020027b0                _ZNSt7__cxx1112basic_stringIcSt11char_traitsIcESaIcEE6appendEPKc
 .text._ZN21WUPSConfigItemBoolean6CreateESt8optionalINSt7__cxx1112basic_stringIcSt11char_traitsIcESaIcEEEESt17basic_string_viewIcS4_EbbPFvP17ConfigItemBooleanbE
                0x020028f0      0x250 D:/HBBTools/wups/lib\libwups.a(WUPSConfigItemBooleanCpp.o)
                0x020028f0                _ZN21WUPSConfigItemBoolean6CreateESt8optionalINSt7__cxx1112basic_stringIcSt11char_traitsIcESaIcEEEESt17basic_string_viewIcS4_EbbPFvP17ConfigItemBooleanbE
 .text._ZN26WUPSConfigItemIntegerRange6CreateESt8optionalINSt7__cxx1112basic_stringIcSt11char_traitsIcESaIcEEEESt17basic_string_viewIcS4_EiiiiPFvP22ConfigItemIntegerRangeiE
                0x02002b40      0x43c D:/HBBTools/wups/lib\libwups.a(WUPSConfigItemIntegerRangeCpp.o)
                0x02002b40                _ZN26WUPSConfigItemIntegerRange6CreateESt8optionalINSt7__cxx1112basic_stringIcSt11char_traitsIcESaIcEEEESt17basic_string_viewIcS4_EiiiiPFvP22ConfigItemIntegerRangeiE
 .text._ZN28WUPSConfigItemMultipleValues15CreateFromIndexESt8optionalIKNSt7__cxx1112basic_stringIcSt11char_traitsIcESaIcEEEESt17basic_string_viewIcS4_EiiRKSt4spanIKNS_9ValuePairELj4294967295EEPFvP24ConfigItemMultipleValuesjER19WUPSConfigAPIStatus
                0x02002f7c      0x23c D:/HBBTools/wups/lib\libwups.a(WUPSConfigItemMultipleValuesCpp.o)
                0x02002f7c                _ZN28WUPSConfigItemMultipleValues15CreateFromIndexESt8optionalIKNSt7__cxx1112basic_stringIcSt11char_traitsIcESaIcEEEESt17basic_string_viewIcS4_EiiRKSt4spanIKNS_9ValuePairELj4294967295EEPFvP24ConfigItemMultipleValuesjER19WUPSConfigAPIStatus
 .text._ZN28WUPSConfigItemMultipleValues15CreateFromValueESt8optionalIKNSt7__cxx1112basic_stringIcSt11char_traitsIcESaIcEEEESt17basic_string_viewIcS4_EjjRKSt4spanIKNS_9ValuePairELj4294967295EEPFvP24ConfigItemMultipleValuesjER19WUPSConfigAPIStatus
                0x020031b8      0x27c D:/HBBTools/wups/lib\libwups.a(WUPSConfigItemMultipleValuesCpp.o)
                0x020031b8                _ZN28WUPSConfigItemMultipleValues15CreateFromValueESt8optionalIKNSt7__cxx1112basic_stringIcSt11char_traitsIcESaIcEEEESt17basic_string_viewIcS4_EjjRKSt4spanIKNS_9ValuePairELj4294967295EEPFvP24ConfigItemMultipleValuesjER19WUPSConfigAPIStatus
 .text._ZNSt7__cxx1112basic_stringIcSt11char_traitsIcESaIcEE9_M_appendEPKcj
                0x02003434      0x25c D:/HBBTools/wups/lib\libwups.a(WUPSConfigItemMultipleValuesCpp.o)
                0x02003434                _ZNSt7__cxx1112basic_stringIcSt11char_traitsIcESaIcEE9_M_appendEPKcj
 .text._ZN28WUPSConfigItemMultipleValues15CreateFromValueESt8optionalIKNSt7__cxx1112basic_stringIcSt11char_traitsIcESaIcEEEESt17basic_string_viewIcS4_EiiRKSt4spanIKNS_9ValuePairELj4294967295EEPFvP24ConfigItemMultipleValuesjE
                0x02003690      0x2e8 D:/HBBTools/wups/lib\libwups.a(WUPSConfigItemMultipleValuesCpp.o)
                0x02003690                _ZN28WUPSConfigItemMultipleValues15CreateFromValueESt8optionalIKNSt7__cxx1112basic_stringIcSt11char_traitsIcESaIcEEEESt17basic_string_viewIcS4_EiiRKSt4spanIKNS_9ValuePairELj4294967295EEPFvP24ConfigItemMultipleValuesjE
 .text._ZN18WUPSConfigItemStub6CreateESt17basic_string_viewIcSt11char_traitsIcEE
                0x02003978      0x310 D:/HBBTools/wups/lib\libwups.a(WUPSConfigItemStubCpp.o)
                0x02003978                _ZN18WUPSConfigItemStub6CreateESt17basic_string_viewIcSt11char_traitsIcEE
 .text.WUPSConfigAPI_GetStatusStr
                0x02003c88       0xec D:/HBBTools/wups/lib\libwups.a(config_api.o)
                0x02003c88                WUPSConfigAPI_GetStatusStr
 .text.WUPSConfigAPI_GetVersion
                0x02003d74       0xf0 D:/HBBTools/wups/lib\libwups.a(config_api.o)
                                 0xd0 (size before relaxing)
                0x02003d74                WUPSConfigAPI_GetVersion
 .text.WUPSConfigAPI_InitLibrary_Internal
                0x02003e64      0x214 D:/HBBTools/wups/lib\libwups.a(config_api.o)
                                0x1f4 (size before relaxing)
                0x02003e64                WUPSConfigAPI_InitLibrary_Internal
 .text.WUPSConfigAPI_Init
                0x02004078       0xac D:/HBBTools/wups/lib\libwups.a(config_api.o)
                0x02004078                WUPSConfigAPI_Init
 .text.WUPSConfigAPI_Category_CreateEx
                0x02004124       0x80 D:/HBBTools/wups/lib\libwups.a(config_api.o)
                0x02004124                WUPSConfigAPI_Category_CreateEx
 .text.WUPSConfigAPI_Category_Destroy
                0x020041a4       0x78 D:/HBBTools/wups/lib\libwups.a(config_api.o)
                0x020041a4                WUPSConfigAPI_Category_Destroy
 .text.WUPSConfigAPI_Category_AddCategory
                0x0200421c       0x8c D:/HBBTools/wups/lib\libwups.a(config_api.o)
                0x0200421c                WUPSConfigAPI_Category_AddCategory
 .text.WUPSConfigAPI_Category_AddItem
                0x020042a8       0x8c D:/HBBTools/wups/lib\libwups.a(config_api.o)
                0x020042a8                WUPSConfigAPI_Category_AddItem
 .text.WUPSConfigAPI_Item_CreateEx
                0x02004334       0x9c D:/HBBTools/wups/lib\libwups.a(config_api.o)
                0x02004334                WUPSConfigAPI_Item_CreateEx
 .text.WUPSConfigAPI_Item_Destroy
                0x020043d0       0x78 D:/HBBTools/wups/lib\libwups.a(config_api.o)
                0x020043d0                WUPSConfigAPI_Item_Destroy
 .text.__wups_start
                0x02004448       0x1c D:/HBBTools/wups/lib\libwups.a(main.o)
                                  0xc (size before relaxing)
                0x02004448                __wups_start
 .text.__init_wut_socket
                0x02004464       0x70 D:/HBBTools/wups/lib\libwups.a(main.o)
                0x02004464                __init_wut_socket
 .text.__fini_wut_socket
                0x020044d4       0x6c D:/HBBTools/wups/lib\libwups.a(main.o)
                0x020044d4                __fini_wut_socket
 .text.__getreent
                0x02004540        0x4 D:/HBBTools/wups/lib\libwups.a(main.o)
                0x02004540                __getreent
 .text.wut_set_thread_specific
                0x02004544        0x4 D:/HBBTools/wups/lib\libwups.a(main.o)
                0x02004544                wut_set_thread_specific
 .text.wut_get_thread_specific
                0x02004548        0x4 D:/HBBTools/wups/lib\libwups.a(main.o)
                0x02004548                wut_get_thread_specific
 .text.__assert_func
                0x0200454c      0x15c D:/HBBTools/wups/lib\libwups.a(main.o)
                                0x14c (size before relaxing)
                0x0200454c                __assert_func
 .text.WUPSStorageAPI_InitInternal
                0x020046a8       0xa4 D:/HBBTools/wups/lib\libwups.a(storage.o)
                0x020046a8                WUPSStorageAPI_InitInternal
 .text.WUPSStorageAPI_GetStatusStr
                0x0200474c       0xe0 D:/HBBTools/wups/lib\libwups.a(storage.o)
                0x0200474c                WUPSStorageAPI_GetStatusStr
 .text.WUPSStorageAPI_SaveStorage
                0x0200482c       0x34 D:/HBBTools/wups/lib\libwups.a(storage.o)
                0x0200482c                WUPSStorageAPI_SaveStorage
 .text.WUPSStorageAPI_StoreItem
                0x02004860       0x48 D:/HBBTools/wups/lib\libwups.a(storage.o)
                0x02004860                WUPSStorageAPI_StoreItem
 .text.WUPSStorageAPI_GetItem
                0x020048a8       0x5c D:/HBBTools/wups/lib\libwups.a(storage.o)
                0x020048a8                WUPSStorageAPI_GetItem
 .text._ZN14WUPSStorageAPI11SaveStorageEb
                0x02004904        0x4 D:/HBBTools/wups/lib\libwups.a(storageCPP.o)
                0x02004904                _ZN14WUPSStorageAPI11SaveStorageEb
 .text._ZL21__wups_thread_cleanupPjPv
                0x02004908       0xec D:/HBBTools/wups/lib\libwups.a(wups_reent.o)
                                 0xcc (size before relaxing)
 .text._Z15__wups_getreentv
                0x020049f4      0x168 D:/HBBTools/wups/lib\libwups.a(wups_reent.o)
                                0x128 (size before relaxing)
                0x020049f4                _Z15__wups_getreentv
 .text.wups_set_thread_specific
                0x02004b5c       0xc8 D:/HBBTools/wups/lib\libwups.a(wups_thread_specific.o)
                                 0xa8 (size before relaxing)
                0x02004b5c                wups_set_thread_specific
 .text.wups_get_thread_specific
                0x02004c24       0xe8 D:/HBBTools/wups/lib\libwups.a(wups_thread_specific.o)
                                 0xc8 (size before relaxing)
                0x02004c24                wups_get_thread_specific
 .text._ZL37WUPSConfigItemBoolean_onCloseCallbackPv
                0x02004d0c       0x24 D:/HBBTools/wups/lib\libwups.a(WUPSConfigItemBoolean.o)
 .text._ZL36WUPSConfigItemBoolean_restoreDefaultPv
                0x02004d30        0xc D:/HBBTools/wups/lib\libwups.a(WUPSConfigItemBoolean.o)
 .text._ZL52WUPSConfigItemBoolean_getCurrentValueSelectedDisplayPvPci
                0x02004d3c       0x74 D:/HBBTools/wups/lib\libwups.a(WUPSConfigItemBoolean.o)
 .text._ZL44WUPSConfigItemBoolean_getCurrentValueDisplayPvPci
                0x02004db0       0x74 D:/HBBTools/wups/lib\libwups.a(WUPSConfigItemBoolean.o)
 .text._ZL29WUPSConfigItemBoolean_onInputPv23WUPSConfigSimplePadData
                0x02004e24       0x68 D:/HBBTools/wups/lib\libwups.a(WUPSConfigItemBoolean.o)
 .text._ZL30WUPSConfigItemBoolean_onDeletePv
                0x02004e8c       0x44 D:/HBBTools/wups/lib\libwups.a(WUPSConfigItemBoolean.o)
 .text.WUPSConfigItemBoolean_CreateEx
                0x02004ed0      0x1a0 D:/HBBTools/wups/lib\libwups.a(WUPSConfigItemBoolean.o)
                0x02004ed0                WUPSConfigItemBoolean_CreateEx
 .text._Z42WUPSConfigItemIntegerRange_onCloseCallbackPv
                0x02005070       0x24 D:/HBBTools/wups/lib\libwups.a(WUPSConfigItemIntegerRange.o)
                0x02005070                _Z42WUPSConfigItemIntegerRange_onCloseCallbackPv
 .text._Z34WUPSConfigItemIntegerRange_onInputPv23WUPSConfigSimplePadData
                0x02005094       0x74 D:/HBBTools/wups/lib\libwups.a(WUPSConfigItemIntegerRange.o)
                0x02005094                _Z34WUPSConfigItemIntegerRange_onInputPv23WUPSConfigSimplePadData
 .text._Z41WUPSConfigItemIntegerRange_restoreDefaultPv
                0x02005108        0xc D:/HBBTools/wups/lib\libwups.a(WUPSConfigItemIntegerRange.o)
                0x02005108                _Z41WUPSConfigItemIntegerRange_restoreDefaultPv
 .text._Z49WUPSConfigItemIntegerRange_getCurrentValueDisplayPvPci
                0x02005114       0x3c D:/HBBTools/wups/lib\libwups.a(WUPSConfigItemIntegerRange.o)
                0x02005114                _Z49WUPSConfigItemIntegerRange_getCurrentValueDisplayPvPci
 .text._Z57WUPSConfigItemIntegerRange_getCurrentValueSelectedDisplayPvPci
                0x02005150       0xa0 D:/HBBTools/wups/lib\libwups.a(WUPSConfigItemIntegerRange.o)
                0x02005150                _Z57WUPSConfigItemIntegerRange_getCurrentValueSelectedDisplayPvPci
 .text._Z35WUPSConfigItemIntegerRange_onDeletePv
                0x020051f0       0x44 D:/HBBTools/wups/lib\libwups.a(WUPSConfigItemIntegerRange.o)
                0x020051f0                _Z35WUPSConfigItemIntegerRange_onDeletePv
 .text.WUPSConfigItemIntegerRange_Create
                0x02005234      0x1d0 D:/HBBTools/wups/lib\libwups.a(WUPSConfigItemIntegerRange.o)
                0x02005234                WUPSConfigItemIntegerRange_Create
 .text._ZL44WUPSConfigItemMultipleValues_onCloseCallbackPv
                0x02005404       0x4c D:/HBBTools/wups/lib\libwups.a(WUPSConfigItemMultipleValues.o)
 .text._ZL36WUPSConfigItemMultipleValues_onInputPv23WUPSConfigSimplePadData
                0x02005450       0x5c D:/HBBTools/wups/lib\libwups.a(WUPSConfigItemMultipleValues.o)
 .text._ZL43WUPSConfigItemMultipleValues_restoreDefaultPv
                0x020054ac        0xc D:/HBBTools/wups/lib\libwups.a(WUPSConfigItemMultipleValues.o)
 .text._ZL59WUPSConfigItemMultipleValues_getCurrentValueSelectedDisplayPvPci
                0x020054b8      0x104 D:/HBBTools/wups/lib\libwups.a(WUPSConfigItemMultipleValues.o)
 .text._ZL51WUPSConfigItemMultipleValues_getCurrentValueDisplayPvPci
                0x020055bc       0x70 D:/HBBTools/wups/lib\libwups.a(WUPSConfigItemMultipleValues.o)
 .text._ZL37WUPSConfigItemMultipleValues_onDeletePv
                0x0200562c       0x88 D:/HBBTools/wups/lib\libwups.a(WUPSConfigItemMultipleValues.o)
 .text.WUPSConfigItemMultipleValues_Create
                0x020056b4      0x2dc D:/HBBTools/wups/lib\libwups.a(WUPSConfigItemMultipleValues.o)
                0x020056b4                WUPSConfigItemMultipleValues_Create
 .text._ZL36WUPSConfigItemStub_getEmptyTextValuePvPci
                0x02005990       0x2c D:/HBBTools/wups/lib\libwups.a(WUPSConfigItemStub.o)
 .text._ZL26WUPSConfigItemStub_CleanupPv
                0x020059bc        0x4 D:/HBBTools/wups/lib\libwups.a(WUPSConfigItemStub.o)
 .text.WUPSConfigItemStub_Create
                0x020059c0      0x130 D:/HBBTools/wups/lib\libwups.a(WUPSConfigItemStub.o)
                0x020059c0                WUPSConfigItemStub_Create
 .text.__syscall_lock_acquire
                0x02005af0        0x4 D:/HBBTools/wut/lib\libwut.a(wut_newlib.o)
                0x02005af0                __syscall_lock_acquire
 .text.__syscall_lock_release
                0x02005af4        0x4 D:/HBBTools/wut/lib\libwut.a(wut_newlib.o)
                0x02005af4                __syscall_lock_release
 .text.__syscall_lock_init_recursive
                0x02005af8        0x8 D:/HBBTools/wut/lib\libwut.a(wut_newlib.o)
                0x02005af8                __syscall_lock_init_recursive
 .text.__init_wut_newlib
                0x02005b00       0x14 D:/HBBTools/wut/lib\libwut.a(wut_newlib.o)
                0x02005b00                __init_wut_newlib
 .text.__fini_wut_newlib
                0x02005b14        0x4 D:/HBBTools/wut/lib\libwut.a(wut_newlib.o)
                0x02005b14                __fini_wut_newlib
 .text.__fini_wut_sbrk_heap
                0x02005b18       0x70 D:/HBBTools/wut/lib\libwut.a(wut_sbrk.o)
                                 0x60 (size before relaxing)
                0x02005b18                __fini_wut_sbrk_heap
 .text.__init_wut_malloc
                0x02005b88        0x4 D:/HBBTools/wut/lib\libwut.a(wut_malloc.o)
                0x02005b88                __init_wut_malloc
 .text.__fini_wut_malloc
                0x02005b8c        0x4 D:/HBBTools/wut/lib\libwut.a(wut_malloc.o)
                0x02005b8c                __fini_wut_malloc
 .text._malloc_r
                0x02005b90       0x68 D:/HBBTools/wut/lib\libwut.a(wut_malloc.o)
                0x02005b90                _malloc_r
 .text._free_r  0x02005bf8       0x18 D:/HBBTools/wut/lib\libwut.a(wut_malloc.o)
                0x02005bf8                _free_r
 .text._realloc_r
                0x02005c10       0xe8 D:/HBBTools/wut/lib\libwut.a(wut_malloc.o)
                                 0xd8 (size before relaxing)
                0x02005c10                _realloc_r
 .text._calloc_r
                0x02005cf8       0x94 D:/HBBTools/wut/lib\libwut.a(wut_malloc.o)
                0x02005cf8                _calloc_r
 .text._memalign_r
                0x02005d8c       0x6c D:/HBBTools/wut/lib\libwut.a(wut_malloc.o)
                0x02005d8c                _memalign_r
 .text.__gthr_impl_active
                0x02005df8        0x8 D:/HBBTools/wut/lib\libwut.a(wut_gthread.o)
                0x02005df8                __gthr_impl_active
 .text.__gthr_impl_once
                0x02005e00        0x4 D:/HBBTools/wut/lib\libwut.a(wut_gthread.o)
                0x02005e00                __gthr_impl_once
 .text.__gthr_impl_key_delete
                0x02005e04       0x30 D:/HBBTools/wut/lib\libwut.a(wut_gthread.o)
                0x02005e04                __gthr_impl_key_delete
 .text.__gthr_impl_getspecific
                0x02005e34       0x30 D:/HBBTools/wut/lib\libwut.a(wut_gthread.o)
                0x02005e34                __gthr_impl_getspecific
 .text.__gthr_impl_setspecific
                0x02005e64       0x30 D:/HBBTools/wut/lib\libwut.a(wut_gthread.o)
                0x02005e64                __gthr_impl_setspecific
 .text.__gthr_impl_mutex_init_function
                0x02005e94        0x4 D:/HBBTools/wut/lib\libwut.a(wut_gthread.o)
                0x02005e94                __gthr_impl_mutex_init_function
 .text.__gthr_impl_mutex_destroy
                0x02005e98        0x4 D:/HBBTools/wut/lib\libwut.a(wut_gthread.o)
                0x02005e98                __gthr_impl_mutex_destroy
 .text.__gthr_impl_mutex_lock
                0x02005e9c        0x4 D:/HBBTools/wut/lib\libwut.a(wut_gthread.o)
                0x02005e9c                __gthr_impl_mutex_lock
 .text.__gthr_impl_mutex_unlock
                0x02005ea0        0x4 D:/HBBTools/wut/lib\libwut.a(wut_gthread.o)
                0x02005ea0                __gthr_impl_mutex_unlock
 .text.__init_wut_stdcpp
                0x02005ea4        0x4 D:/HBBTools/wut/lib\libwut.a(wut_gthread.o)
                0x02005ea4                __init_wut_stdcpp
 .text.__fini_wut_stdcpp
                0x02005ea8        0x4 D:/HBBTools/wut/lib\libwut.a(wut_gthread.o)
                0x02005ea8                __fini_wut_stdcpp
 .text._Z16__wut_key_delete11__wut_key_t
                0x02005eac       0x6c D:/HBBTools/wut/lib\libwut.a(wut_gthread_keys.o)
                0x02005eac                _Z16__wut_key_delete11__wut_key_t
 .text._Z17__wut_getspecific11__wut_key_t
                0x02005f18       0x74 D:/HBBTools/wut/lib\libwut.a(wut_gthread_keys.o)
                0x02005f18                _Z17__wut_getspecific11__wut_key_t
 .text._Z17__wut_setspecific11__wut_key_tPKv
                0x02005f8c       0x88 D:/HBBTools/wut/lib\libwut.a(wut_gthread_keys.o)
                0x02005f8c                _Z17__wut_setspecific11__wut_key_tPKv
 .text._Z25__wut_mutex_init_functionP7OSMutex
                0x02006014       0x14 D:/HBBTools/wut/lib\libwut.a(wut_gthread_mutex.o)
                                  0x4 (size before relaxing)
                0x02006014                _Z25__wut_mutex_init_functionP7OSMutex
 .text._Z16__wut_mutex_lockP7OSMutex
                0x02006028       0x34 D:/HBBTools/wut/lib\libwut.a(wut_gthread_mutex.o)
                                 0x24 (size before relaxing)
                0x02006028                _Z16__wut_mutex_lockP7OSMutex
 .text._Z18__wut_mutex_unlockP7OSMutex
                0x0200605c       0x34 D:/HBBTools/wut/lib\libwut.a(wut_gthread_mutex.o)
                                 0x24 (size before relaxing)
                0x0200605c                _Z18__wut_mutex_unlockP7OSMutex
 .text._Z19__wut_mutex_destroyP7OSMutex
                0x02006090        0x8 D:/HBBTools/wut/lib\libwut.a(wut_gthread_mutex.o)
                0x02006090                _Z19__wut_mutex_destroyP7OSMutex
 .text._Z10__wut_oncePVjPFvvE
                0x02006098       0xdc D:/HBBTools/wut/lib\libwut.a(wut_gthread_once.o)
                                 0xac (size before relaxing)
                0x02006098                _Z10__wut_oncePVjPFvvE
 .text.__init_wut_devoptab
                0x02006174      0x220 D:/HBBTools/wut/lib\libwut.a(devoptab_fsa.o)
                                0x1d0 (size before relaxing)
                0x02006174                __init_wut_devoptab
 .text.__fini_wut_devoptab
                0x02006394       0xac D:/HBBTools/wut/lib\libwut.a(devoptab_fsa.o)
                                 0x8c (size before relaxing)
                0x02006394                __fini_wut_devoptab
 .text.__wut_fsa_dirclose
                0x02006440       0xd0 D:/HBBTools/wut/lib\libwut.a(devoptab_fsa_dirclose.o)
                                 0xa0 (size before relaxing)
                0x02006440                __wut_fsa_dirclose
 .text.__wut_fsa_dirnext
                0x02006510      0x1dc D:/HBBTools/wut/lib\libwut.a(devoptab_fsa_dirnext.o)
                                0x1ac (size before relaxing)
                0x02006510                __wut_fsa_dirnext
 .text.__wut_fsa_diropen
                0x020066ec      0x1a8 D:/HBBTools/wut/lib\libwut.a(devoptab_fsa_diropen.o)
                                0x168 (size before relaxing)
                0x020066ec                __wut_fsa_diropen
 .text.__wut_fsa_dirreset
                0x02006894       0xd0 D:/HBBTools/wut/lib\libwut.a(devoptab_fsa_dirreset.o)
                                 0xa0 (size before relaxing)
                0x02006894                __wut_fsa_dirreset
 .text.__wut_fsa_fstat
                0x02006964      0x104 D:/HBBTools/wut/lib\libwut.a(devoptab_fsa_fstat.o)
                                 0xd4 (size before relaxing)
                0x02006964                __wut_fsa_fstat
 .text.__wut_fsa_fsync
                0x02006a68       0xcc D:/HBBTools/wut/lib\libwut.a(devoptab_fsa_fsync.o)
                                 0x9c (size before relaxing)
                0x02006a68                __wut_fsa_fsync
 .text.__wut_fsa_mkdir
                0x02006b34       0xf0 D:/HBBTools/wut/lib\libwut.a(devoptab_fsa_mkdir.o)
                                 0xe0 (size before relaxing)
                0x02006b34                __wut_fsa_mkdir
 .text.__wut_fsa_open
                0x02006c24      0x514 D:/HBBTools/wut/lib\libwut.a(devoptab_fsa_open.o)
                                0x4a4 (size before relaxing)
                0x02006c24                __wut_fsa_open
 .text.__wut_fsa_read
                0x02007138      0x1e4 D:/HBBTools/wut/lib\libwut.a(devoptab_fsa_read.o)
                                0x1b4 (size before relaxing)
                0x02007138                __wut_fsa_read
 .text.__wut_fsa_rename
                0x0200731c      0x124 D:/HBBTools/wut/lib\libwut.a(devoptab_fsa_rename.o)
                                0x114 (size before relaxing)
                0x0200731c                __wut_fsa_rename
 .text.__wut_fsa_rmdir
                0x02007440       0xd4 D:/HBBTools/wut/lib\libwut.a(devoptab_fsa_rmdir.o)
                                 0xc4 (size before relaxing)
                0x02007440                __wut_fsa_rmdir
 .text.__wut_fsa_seek
                0x02007514      0x1c4 D:/HBBTools/wut/lib\libwut.a(devoptab_fsa_seek.o)
                                0x184 (size before relaxing)
                0x02007514                __wut_fsa_seek
 .text.__wut_fsa_stat
                0x020076d8      0x128 D:/HBBTools/wut/lib\libwut.a(devoptab_fsa_stat.o)
                                0x118 (size before relaxing)
                0x020076d8                __wut_fsa_stat
 .text.__wut_fsa_statvfs
                0x02007800      0x178 D:/HBBTools/wut/lib\libwut.a(devoptab_fsa_statvfs.o)
                                0x168 (size before relaxing)
                0x02007800                __wut_fsa_statvfs
 .text.__wut_fsa_ftruncate
                0x02007978      0x108 D:/HBBTools/wut/lib\libwut.a(devoptab_fsa_truncate.o)
                                 0xc8 (size before relaxing)
                0x02007978                __wut_fsa_ftruncate
 .text.__wut_fsa_unlink
                0x02007a80       0xd4 D:/HBBTools/wut/lib\libwut.a(devoptab_fsa_unlink.o)
                                 0xc4 (size before relaxing)
                0x02007a80                __wut_fsa_unlink
 .text.__wut_fsa_hashstring
                0x02007b54       0x40 D:/HBBTools/wut/lib\libwut.a(devoptab_fsa_utils.o)
                0x02007b54                __wut_fsa_hashstring
 .text.__wut_fsa_fixpath
                0x02007b94      0x35c D:/HBBTools/wut/lib\libwut.a(devoptab_fsa_utils.o)
                0x02007b94                __wut_fsa_fixpath
 .text.__wut_fsa_translate_stat_mode
                0x02007ef0       0x80 D:/HBBTools/wut/lib\libwut.a(devoptab_fsa_utils.o)
                0x02007ef0                __wut_fsa_translate_stat_mode
 .text.__wut_fsa_translate_stat
                0x02007f70      0x144 D:/HBBTools/wut/lib\libwut.a(devoptab_fsa_utils.o)
                0x02007f70                __wut_fsa_translate_stat
 .text.__wut_fsa_translate_error
                0x020080b4       0x28 D:/HBBTools/wut/lib\libwut.a(devoptab_fsa_utils.o)
                0x020080b4                __wut_fsa_translate_error
 .text.__wut_fsa_write
                0x020080dc      0x204 D:/HBBTools/wut/lib\libwut.a(devoptab_fsa_write.o)
                                0x1d4 (size before relaxing)
                0x020080dc                __wut_fsa_write
 .text.__wut_lock_init
                0x020082e0       0xec D:/HBBTools/wut/lib\libwut.a(wut_lock.o)
                                 0xcc (size before relaxing)
                0x020082e0                __wut_lock_init
 .text.__wut_lock_acquire
                0x020083cc       0x64 D:/HBBTools/wut/lib\libwut.a(wut_lock.o)
                                 0x54 (size before relaxing)
                0x020083cc                __wut_lock_acquire
 .text.__wut_lock_release
                0x02008430       0x64 D:/HBBTools/wut/lib\libwut.a(wut_lock.o)
                                 0x54 (size before relaxing)
                0x02008430                __wut_lock_release
 .text.__wut_fsa_chdir
                0x02008494      0x130 D:/HBBTools/wut/lib\libwut.a(devoptab_fsa_chdir.o)
                                0x120 (size before relaxing)
                0x02008494                __wut_fsa_chdir
 .text.__wut_fsa_chmod
                0x020085c4       0xf0 D:/HBBTools/wut/lib\libwut.a(devoptab_fsa_chmod.o)
                                 0xe0 (size before relaxing)
                0x020085c4                __wut_fsa_chmod
 .text.__wut_fsa_close
                0x020086b4       0xcc D:/HBBTools/wut/lib\libwut.a(devoptab_fsa_close.o)
                                 0x9c (size before relaxing)
                0x020086b4                __wut_fsa_close
 .text._ZL40NotificationModule_AddStaticNotificationPKc34NotificationModuleNotificationTypeff8_NMColorS2_PFvjPvES3_b
                0x02008780       0xc4 D:/HBBTools/wums/lib\libnotifications.a(utils.o)
 .text._ZNSt8_Rb_treeI34NotificationModuleNotificationTypeSt4pairIKS0_19NMDefaultValueStoreESt10_Select1stIS4_ESt4lessIS0_ESaIS4_EE24_M_get_insert_unique_posERS2_.isra.0
                0x02008844       0xd0 D:/HBBTools/wums/lib\libnotifications.a(utils.o)
 .text._ZNSt8_Rb_treeI34NotificationModuleNotificationTypeSt4pairIKS0_19NMDefaultValueStoreESt10_Select1stIS4_ESt4lessIS0_ESaIS4_EE29_M_get_insert_hint_unique_posESt23_Rb_tree_const_iteratorIS4_ERS2_.isra.0
                0x02008914      0x178 D:/HBBTools/wums/lib\libnotifications.a(utils.o)
 .text._ZNSt8_Rb_treeI34NotificationModuleNotificationTypeSt4pairIKS0_19NMDefaultValueStoreESt10_Select1stIS4_ESt4lessIS0_ESaIS4_EE22_M_emplace_hint_uniqueIJRKSt21piecewise_construct_tSt5tupleIJOS0_EESF_IJEEEEESt17_Rb_tree_iteratorIS4_ESt23_Rb_tree_const_iteratorIS4_EDpOT_.isra.0
                0x02008a8c      0x140 D:/HBBTools/wums/lib\libnotifications.a(utils.o)
 .text._ZNSt8_Rb_treeI34NotificationModuleNotificationTypeSt4pairIKS0_19NMDefaultValueStoreESt10_Select1stIS4_ESt4lessIS0_ESaIS4_EE8_M_eraseEPSt13_Rb_tree_nodeIS4_E.isra.0
                0x02008bcc      0x1ac D:/HBBTools/wums/lib\libnotifications.a(utils.o)
 .text.NotificationModule_DeInitLibrary
                0x02008d78       0xe8 D:/HBBTools/wums/lib\libnotifications.a(utils.o)
                                 0xd8 (size before relaxing)
                0x02008d78                NotificationModule_DeInitLibrary
 .text.NotificationModule_GetVersion
                0x02008e60      0x16c D:/HBBTools/wums/lib\libnotifications.a(utils.o)
                                0x13c (size before relaxing)
                0x02008e60                NotificationModule_GetVersion
 .text.NotificationModule_InitLibrary
                0x02008fcc      0x694 D:/HBBTools/wums/lib\libnotifications.a(utils.o)
                                0x664 (size before relaxing)
                0x02008fcc                NotificationModule_InitLibrary
 .text.NotificationModule_AddInfoNotification
                0x02009660      0x114 D:/HBBTools/wums/lib\libnotifications.a(utils.o)
                0x02009660                NotificationModule_AddInfoNotification
 .text._ZNK10__cxxabiv117__class_type_info11__do_upcastEPKS0_PPv
                0x02009774       0x7c D:/HBBTools/devkitPPC/bin/../lib/gcc/powerpc-eabi/14.2.0/../../../../powerpc-eabi/lib\libstdc++.a(class_type_info.o)
                0x02009774                _ZNK10__cxxabiv117__class_type_info11__do_upcastEPKS0_PPv
 .text._ZNK10__cxxabiv117__class_type_info20__do_find_public_srcEiPKvPKS0_S2_
                0x020097f0       0x18 D:/HBBTools/devkitPPC/bin/../lib/gcc/powerpc-eabi/14.2.0/../../../../powerpc-eabi/lib\libstdc++.a(class_type_info.o)
                0x020097f0                _ZNK10__cxxabiv117__class_type_info20__do_find_public_srcEiPKvPKS0_S2_
 .text._ZN10__cxxabiv117__class_type_infoD2Ev
                0x02009808       0x10 D:/HBBTools/devkitPPC/bin/../lib/gcc/powerpc-eabi/14.2.0/../../../../powerpc-eabi/lib\libstdc++.a(class_type_info.o)
                0x02009808                _ZN10__cxxabiv117__class_type_infoD2Ev
                0x02009808                _ZN10__cxxabiv117__class_type_infoD1Ev
 .text._ZN10__cxxabiv117__class_type_infoD0Ev
                0x02009818       0x40 D:/HBBTools/devkitPPC/bin/../lib/gcc/powerpc-eabi/14.2.0/../../../../powerpc-eabi/lib\libstdc++.a(class_type_info.o)
                0x02009818                _ZN10__cxxabiv117__class_type_infoD0Ev
 .text._ZNK10__cxxabiv117__class_type_info11__do_upcastEPKS0_PKvRNS0_15__upcast_resultE
                0x02009858       0x94 D:/HBBTools/devkitPPC/bin/../lib/gcc/powerpc-eabi/14.2.0/../../../../powerpc-eabi/lib\libstdc++.a(class_type_info.o)
                0x02009858                _ZNK10__cxxabiv117__class_type_info11__do_upcastEPKS0_PKvRNS0_15__upcast_resultE
 .text._ZNK10__cxxabiv117__class_type_info10__do_catchEPKSt9type_infoPPvj
                0x020098ec      0x104 D:/HBBTools/devkitPPC/bin/../lib/gcc/powerpc-eabi/14.2.0/../../../../powerpc-eabi/lib\libstdc++.a(class_type_info.o)
                0x020098ec                _ZNK10__cxxabiv117__class_type_info10__do_catchEPKSt9type_infoPPvj
 .text._ZNK10__cxxabiv117__class_type_info12__do_dyncastEiNS0_10__sub_kindEPKS0_PKvS3_S5_RNS0_16__dyncast_resultE
                0x020099f0      0x138 D:/HBBTools/devkitPPC/bin/../lib/gcc/powerpc-eabi/14.2.0/../../../../powerpc-eabi/lib\libstdc++.a(class_type_info.o)
                0x020099f0                _ZNK10__cxxabiv117__class_type_info12__do_dyncastEiNS0_10__sub_kindEPKS0_PKvS3_S5_RNS0_16__dyncast_resultE
 .text._ZdlPvj  0x02009b28        0x4 D:/HBBTools/devkitPPC/bin/../lib/gcc/powerpc-eabi/14.2.0/../../../../powerpc-eabi/lib\libstdc++.a(del_ops.o)
                0x02009b28                _ZdlPvj
 .text._ZNK9__gnu_cxx24__concurrence_lock_error4whatEv
                0x02009b2c        0xc D:/HBBTools/devkitPPC/bin/../lib/gcc/powerpc-eabi/14.2.0/../../../../powerpc-eabi/lib\libstdc++.a(eh_alloc.o)
                0x02009b2c                _ZNK9__gnu_cxx24__concurrence_lock_error4whatEv
 .text._ZNK9__gnu_cxx26__concurrence_unlock_error4whatEv
                0x02009b38        0xc D:/HBBTools/devkitPPC/bin/../lib/gcc/powerpc-eabi/14.2.0/../../../../powerpc-eabi/lib\libstdc++.a(eh_alloc.o)
                0x02009b38                _ZNK9__gnu_cxx26__concurrence_unlock_error4whatEv
 .text._ZN9__gnu_cxx24__concurrence_lock_errorD2Ev
                0x02009b44       0x10 D:/HBBTools/devkitPPC/bin/../lib/gcc/powerpc-eabi/14.2.0/../../../../powerpc-eabi/lib\libstdc++.a(eh_alloc.o)
                0x02009b44                _ZN9__gnu_cxx24__concurrence_lock_errorD1Ev
                0x02009b44                _ZN9__gnu_cxx24__concurrence_lock_errorD2Ev
 .text._ZN9__gnu_cxx24__concurrence_lock_errorD0Ev
                0x02009b54       0x40 D:/HBBTools/devkitPPC/bin/../lib/gcc/powerpc-eabi/14.2.0/../../../../powerpc-eabi/lib\libstdc++.a(eh_alloc.o)
                0x02009b54                _ZN9__gnu_cxx24__concurrence_lock_errorD0Ev
 .text._ZN9__gnu_cxx26__concurrence_unlock_errorD2Ev
                0x02009b94       0x10 D:/HBBTools/devkitPPC/bin/../lib/gcc/powerpc-eabi/14.2.0/../../../../powerpc-eabi/lib\libstdc++.a(eh_alloc.o)
                0x02009b94                _ZN9__gnu_cxx26__concurrence_unlock_errorD2Ev
                0x02009b94                _ZN9__gnu_cxx26__concurrence_unlock_errorD1Ev
 .text._ZN9__gnu_cxx26__concurrence_unlock_errorD0Ev
                0x02009ba4       0x40 D:/HBBTools/devkitPPC/bin/../lib/gcc/powerpc-eabi/14.2.0/../../../../powerpc-eabi/lib\libstdc++.a(eh_alloc.o)
                0x02009ba4                _ZN9__gnu_cxx26__concurrence_unlock_errorD0Ev
 .text._ZN12_GLOBAL__N_14pool4freeEPv.constprop.0
                0x02009be4      0x154 D:/HBBTools/devkitPPC/bin/../lib/gcc/powerpc-eabi/14.2.0/../../../../powerpc-eabi/lib\libstdc++.a(eh_alloc.o)
 .text._ZN12_GLOBAL__N_14pool8allocateEj.constprop.0
                0x02009d38      0x104 D:/HBBTools/devkitPPC/bin/../lib/gcc/powerpc-eabi/14.2.0/../../../../powerpc-eabi/lib\libstdc++.a(eh_alloc.o)
 .text.__cxa_allocate_exception
                0x02009e3c       0x64 D:/HBBTools/devkitPPC/bin/../lib/gcc/powerpc-eabi/14.2.0/../../../../powerpc-eabi/lib\libstdc++.a(eh_alloc.o)
                0x02009e3c                __cxa_allocate_exception
 .text.__cxa_free_exception
                0x02009ea0       0x30 D:/HBBTools/devkitPPC/bin/../lib/gcc/powerpc-eabi/14.2.0/../../../../powerpc-eabi/lib\libstdc++.a(eh_alloc.o)
                0x02009ea0                __cxa_free_exception
 .text.__cxa_begin_catch
                0x02009ed0       0xc8 D:/HBBTools/devkitPPC/bin/../lib/gcc/powerpc-eabi/14.2.0/../../../../powerpc-eabi/lib\libstdc++.a(eh_catch.o)
                0x02009ed0                __cxa_begin_catch
 .text.__cxa_end_catch
                0x02009f98       0xc0 D:/HBBTools/devkitPPC/bin/../lib/gcc/powerpc-eabi/14.2.0/../../../../powerpc-eabi/lib\libstdc++.a(eh_catch.o)
                0x02009f98                __cxa_end_catch
 .text._ZNSt9exceptionD2Ev
                0x0200a058        0x4 D:/HBBTools/devkitPPC/bin/../lib/gcc/powerpc-eabi/14.2.0/../../../../powerpc-eabi/lib\libstdc++.a(eh_exception.o)
                0x0200a058                _ZNSt9exceptionD1Ev
                0x0200a058                _ZNSt9exceptionD2Ev
 .text._ZNSt13bad_exceptionD2Ev
                0x0200a05c        0x4 D:/HBBTools/devkitPPC/bin/../lib/gcc/powerpc-eabi/14.2.0/../../../../powerpc-eabi/lib\libstdc++.a(eh_exception.o)
                0x0200a05c                _ZNSt13bad_exceptionD1Ev
                0x0200a05c                _ZNSt13bad_exceptionD2Ev
 .text._ZNKSt13bad_exception4whatEv
                0x0200a060        0xc D:/HBBTools/devkitPPC/bin/../lib/gcc/powerpc-eabi/14.2.0/../../../../powerpc-eabi/lib\libstdc++.a(eh_exception.o)
                0x0200a060                _ZNKSt13bad_exception4whatEv
                0x0200a060                _ZGTtNKSt13bad_exception4whatEv
 .text._ZNSt13bad_exceptionD0Ev
                0x0200a06c        0x8 D:/HBBTools/devkitPPC/bin/../lib/gcc/powerpc-eabi/14.2.0/../../../../powerpc-eabi/lib\libstdc++.a(eh_exception.o)
                0x0200a06c                _ZNSt13bad_exceptionD0Ev
 .text._ZL15eh_globals_dtorPv
                0x0200a074       0x68 D:/HBBTools/devkitPPC/bin/../lib/gcc/powerpc-eabi/14.2.0/../../../../powerpc-eabi/lib\libstdc++.a(eh_globals.o)
 .text.__cxa_get_globals_fast
                0x0200a0dc       0x4c D:/HBBTools/devkitPPC/bin/../lib/gcc/powerpc-eabi/14.2.0/../../../../powerpc-eabi/lib\libstdc++.a(eh_globals.o)
                0x0200a0dc                __cxa_get_globals_fast
 .text.__cxa_get_globals
                0x0200a128       0xbc D:/HBBTools/devkitPPC/bin/../lib/gcc/powerpc-eabi/14.2.0/../../../../powerpc-eabi/lib\libstdc++.a(eh_globals.o)
                0x0200a128                __cxa_get_globals
 .text._ZL16get_adjusted_ptrPKSt9type_infoS1_PPv
                0x0200a1e4       0xa0 D:/HBBTools/devkitPPC/bin/../lib/gcc/powerpc-eabi/14.2.0/../../../../powerpc-eabi/lib\libstdc++.a(eh_personality.o)
 .text._ZL28read_encoded_value_with_basehjPKhPj
                0x0200a284      0x13c D:/HBBTools/devkitPPC/bin/../lib/gcc/powerpc-eabi/14.2.0/../../../../powerpc-eabi/lib\libstdc++.a(eh_personality.o)
 .text._ZL21base_of_encoded_valuehP15_Unwind_Context
                0x0200a3c0       0x68 D:/HBBTools/devkitPPC/bin/../lib/gcc/powerpc-eabi/14.2.0/../../../../powerpc-eabi/lib\libstdc++.a(eh_personality.o)
 .text._ZL17parse_lsda_headerP15_Unwind_ContextPKhP16lsda_header_info
                0x0200a428      0x11c D:/HBBTools/devkitPPC/bin/../lib/gcc/powerpc-eabi/14.2.0/../../../../powerpc-eabi/lib\libstdc++.a(eh_personality.o)
 .text._ZL20check_exception_specP16lsda_header_infoPKSt9type_infoPvl
                0x0200a544      0x138 D:/HBBTools/devkitPPC/bin/../lib/gcc/powerpc-eabi/14.2.0/../../../../powerpc-eabi/lib\libstdc++.a(eh_personality.o)
 .text.__gxx_personality_v0
                0x0200a67c      0x830 D:/HBBTools/devkitPPC/bin/../lib/gcc/powerpc-eabi/14.2.0/../../../../powerpc-eabi/lib\libstdc++.a(eh_personality.o)
                0x0200a67c                __gxx_personality_v0
 .text.__cxa_call_unexpected
                0x0200aeac       0xf8 D:/HBBTools/devkitPPC/bin/../lib/gcc/powerpc-eabi/14.2.0/../../../../powerpc-eabi/lib\libstdc++.a(eh_personality.o)
                0x0200aeac                __cxa_call_unexpected
 .text._ZN10__cxxabiv111__terminateEPFvvE
                0x0200afa4       0x20 D:/HBBTools/devkitPPC/bin/../lib/gcc/powerpc-eabi/14.2.0/../../../../powerpc-eabi/lib\libstdc++.a(eh_terminate.o)
                0x0200afa4                _ZN10__cxxabiv111__terminateEPFvvE
 .text._ZN10__cxxabiv112__unexpectedEPFvvE
                0x0200afc4       0x18 D:/HBBTools/devkitPPC/bin/../lib/gcc/powerpc-eabi/14.2.0/../../../../powerpc-eabi/lib\libstdc++.a(eh_terminate.o)
                0x0200afc4                _ZN10__cxxabiv112__unexpectedEPFvvE
 .text._ZSt13get_terminatev
                0x0200afdc       0x18 D:/HBBTools/devkitPPC/bin/../lib/gcc/powerpc-eabi/14.2.0/../../../../powerpc-eabi/lib\libstdc++.a(eh_terminate.o)
                0x0200afdc                _ZSt13get_terminatev
 .text._ZSt14get_unexpectedv
                0x0200aff4       0x18 D:/HBBTools/devkitPPC/bin/../lib/gcc/powerpc-eabi/14.2.0/../../../../powerpc-eabi/lib\libstdc++.a(eh_terminate.o)
                0x0200aff4                _ZSt14get_unexpectedv
 .text._ZL23__gxx_exception_cleanup19_Unwind_Reason_CodeP17_Unwind_Exception
                0x0200b00c       0x8c D:/HBBTools/devkitPPC/bin/../lib/gcc/powerpc-eabi/14.2.0/../../../../powerpc-eabi/lib\libstdc++.a(eh_throw.o)
 .text.__cxa_init_primary_exception
                0x0200b098       0x70 D:/HBBTools/devkitPPC/bin/../lib/gcc/powerpc-eabi/14.2.0/../../../../powerpc-eabi/lib\libstdc++.a(eh_throw.o)
                0x0200b098                __cxa_init_primary_exception
 .text.__cxa_throw
                0x0200b108       0x68 D:/HBBTools/devkitPPC/bin/../lib/gcc/powerpc-eabi/14.2.0/../../../../powerpc-eabi/lib\libstdc++.a(eh_throw.o)
                0x0200b108                __cxa_throw
 .text.__cxa_rethrow
                0x0200b170       0x8c D:/HBBTools/devkitPPC/bin/../lib/gcc/powerpc-eabi/14.2.0/../../../../powerpc-eabi/lib\libstdc++.a(eh_throw.o)
                0x0200b170                __cxa_rethrow
 .text._Znwj    0x0200b1fc       0x80 D:/HBBTools/devkitPPC/bin/../lib/gcc/powerpc-eabi/14.2.0/../../../../powerpc-eabi/lib\libstdc++.a(new_op.o)
                0x0200b1fc                _Znwj
 .text._ZN10__cxxabiv120__si_class_type_infoD2Ev
                0x0200b27c       0x10 D:/HBBTools/devkitPPC/bin/../lib/gcc/powerpc-eabi/14.2.0/../../../../powerpc-eabi/lib\libstdc++.a(si_class_type_info.o)
                0x0200b27c                _ZN10__cxxabiv120__si_class_type_infoD1Ev
                0x0200b27c                _ZN10__cxxabiv120__si_class_type_infoD2Ev
 .text._ZN10__cxxabiv120__si_class_type_infoD0Ev
                0x0200b28c       0x40 D:/HBBTools/devkitPPC/bin/../lib/gcc/powerpc-eabi/14.2.0/../../../../powerpc-eabi/lib\libstdc++.a(si_class_type_info.o)
                0x0200b28c                _ZN10__cxxabiv120__si_class_type_infoD0Ev
 .text._ZNK10__cxxabiv120__si_class_type_info12__do_dyncastEiNS_17__class_type_info10__sub_kindEPKS1_PKvS4_S6_RNS1_16__dyncast_resultE
                0x0200b2cc      0x1d4 D:/HBBTools/devkitPPC/bin/../lib/gcc/powerpc-eabi/14.2.0/../../../../powerpc-eabi/lib\libstdc++.a(si_class_type_info.o)
                0x0200b2cc                _ZNK10__cxxabiv120__si_class_type_info12__do_dyncastEiNS_17__class_type_info10__sub_kindEPKS1_PKvS4_S6_RNS1_16__dyncast_resultE
 .text._ZNK10__cxxabiv120__si_class_type_info20__do_find_public_srcEiPKvPKNS_17__class_type_infoES2_
                0x0200b4a0       0xb4 D:/HBBTools/devkitPPC/bin/../lib/gcc/powerpc-eabi/14.2.0/../../../../powerpc-eabi/lib\libstdc++.a(si_class_type_info.o)
                0x0200b4a0                _ZNK10__cxxabiv120__si_class_type_info20__do_find_public_srcEiPKvPKNS_17__class_type_infoES2_
 .text._ZNK10__cxxabiv120__si_class_type_info11__do_upcastEPKNS_17__class_type_infoEPKvRNS1_15__upcast_resultE
                0x0200b554       0x94 D:/HBBTools/devkitPPC/bin/../lib/gcc/powerpc-eabi/14.2.0/../../../../powerpc-eabi/lib\libstdc++.a(si_class_type_info.o)
                0x0200b554                _ZNK10__cxxabiv120__si_class_type_info11__do_upcastEPKNS_17__class_type_infoEPKvRNS1_15__upcast_resultE
 .text._ZNSt9type_infoD2Ev
                0x0200b5e8        0x4 D:/HBBTools/devkitPPC/bin/../lib/gcc/powerpc-eabi/14.2.0/../../../../powerpc-eabi/lib\libstdc++.a(tinfo.o)
                0x0200b5e8                _ZNSt9type_infoD2Ev
                0x0200b5e8                _ZNSt9type_infoD1Ev
 .text._ZNKSt9type_info14__is_pointer_pEv
                0x0200b5ec        0x8 D:/HBBTools/devkitPPC/bin/../lib/gcc/powerpc-eabi/14.2.0/../../../../powerpc-eabi/lib\libstdc++.a(tinfo.o)
                0x0200b5ec                _ZNKSt9type_info14__is_pointer_pEv
                0x0200b5ec                _ZNKSt9type_info15__is_function_pEv
 .text._ZNKSt11logic_error4whatEv
                0x0200b5f4        0x8 D:/HBBTools/devkitPPC/bin/../lib/gcc/powerpc-eabi/14.2.0/../../../../powerpc-eabi/lib\libstdc++.a(stdexcept.o)
                0x0200b5f4                _ZNKSt11logic_error4whatEv
                0x0200b5f4                _ZNKSt13runtime_error4whatEv
 .text._ZNSt11logic_errorD2Ev
                0x0200b5fc       0xcc D:/HBBTools/devkitPPC/bin/../lib/gcc/powerpc-eabi/14.2.0/../../../../powerpc-eabi/lib\libstdc++.a(stdexcept.o)
                0x0200b5fc                _ZNSt11logic_errorD1Ev
                0x0200b5fc                _ZNSt11logic_errorD2Ev
 .text._ZNSt13runtime_errorD2Ev
                0x0200b6c8       0xcc D:/HBBTools/devkitPPC/bin/../lib/gcc/powerpc-eabi/14.2.0/../../../../powerpc-eabi/lib\libstdc++.a(stdexcept.o)
                0x0200b6c8                _ZNSt13runtime_errorD1Ev
                0x0200b6c8                _ZNSt13runtime_errorD2Ev
 .text._ZNSt12length_errorD2Ev
                0x0200b794       0xcc D:/HBBTools/devkitPPC/bin/../lib/gcc/powerpc-eabi/14.2.0/../../../../powerpc-eabi/lib\libstdc++.a(stdexcept.o)
                0x0200b794                _ZNSt12length_errorD1Ev
                0x0200b794                _ZNSt12length_errorD2Ev
 .text._ZNSt13runtime_errorD0Ev
                0x0200b860       0xc8 D:/HBBTools/devkitPPC/bin/../lib/gcc/powerpc-eabi/14.2.0/../../../../powerpc-eabi/lib\libstdc++.a(stdexcept.o)
                0x0200b860                _ZNSt13runtime_errorD0Ev
 .text._ZNSt11logic_errorD0Ev
                0x0200b928       0xc8 D:/HBBTools/devkitPPC/bin/../lib/gcc/powerpc-eabi/14.2.0/../../../../powerpc-eabi/lib\libstdc++.a(stdexcept.o)
                0x0200b928                _ZNSt11logic_errorD0Ev
 .text._ZNSt12length_errorD0Ev
                0x0200b9f0       0xc8 D:/HBBTools/devkitPPC/bin/../lib/gcc/powerpc-eabi/14.2.0/../../../../powerpc-eabi/lib\libstdc++.a(stdexcept.o)
                0x0200b9f0                _ZNSt12length_errorD0Ev
 .text._ZSt18_Rb_tree_incrementPSt18_Rb_tree_node_base
                0x0200bab8       0x6c D:/HBBTools/devkitPPC/bin/../lib/gcc/powerpc-eabi/14.2.0/../../../../powerpc-eabi/lib\libstdc++.a(tree.o)
                0x0200bab8                _ZSt18_Rb_tree_incrementPSt18_Rb_tree_node_base
 .text._ZSt18_Rb_tree_decrementPSt18_Rb_tree_node_base
                0x0200bb24       0x94 D:/HBBTools/devkitPPC/bin/../lib/gcc/powerpc-eabi/14.2.0/../../../../powerpc-eabi/lib\libstdc++.a(tree.o)
                0x0200bb24                _ZSt18_Rb_tree_decrementPSt18_Rb_tree_node_base
 .text._ZSt29_Rb_tree_insert_and_rebalancebPSt18_Rb_tree_node_baseS0_RS_
                0x0200bbb8      0x2d8 D:/HBBTools/devkitPPC/bin/../lib/gcc/powerpc-eabi/14.2.0/../../../../powerpc-eabi/lib\libstdc++.a(tree.o)
                0x0200bbb8                _ZSt29_Rb_tree_insert_and_rebalancebPSt18_Rb_tree_node_baseS0_RS_
 .text._ZNSt11logic_errorC2EPKc
                0x0200be90      0x118 D:/HBBTools/devkitPPC/bin/../lib/gcc/powerpc-eabi/14.2.0/../../../../powerpc-eabi/lib\libstdc++.a(cow-stdexcept.o)
                0x0200be90                _ZNSt11logic_errorC1EPKc
                0x0200be90                _ZNSt11logic_errorC2EPKc
 .text._ZNSt12length_errorC2EPKc
                0x0200bfa8       0x38 D:/HBBTools/devkitPPC/bin/../lib/gcc/powerpc-eabi/14.2.0/../../../../powerpc-eabi/lib\libstdc++.a(cow-stdexcept.o)
                0x0200bfa8                _ZNSt12length_errorC1EPKc
                0x0200bfa8                _ZNSt12length_errorC2EPKc
 .text._ZNSt13runtime_errorC2EPKc
                0x0200bfe0      0x118 D:/HBBTools/devkitPPC/bin/../lib/gcc/powerpc-eabi/14.2.0/../../../../powerpc-eabi/lib\libstdc++.a(cow-stdexcept.o)
                0x0200bfe0                _ZNSt13runtime_errorC1EPKc
                0x0200bfe0                _ZNSt13runtime_errorC2EPKc
 .text._ZNSt12__cow_stringC2EPKcj
                0x0200c0f8       0xf8 D:/HBBTools/devkitPPC/bin/../lib/gcc/powerpc-eabi/14.2.0/../../../../powerpc-eabi/lib\libstdc++.a(cow-stdexcept.o)
                0x0200c0f8                _ZNSt12__cow_stringC2EPKcj
                0x0200c0f8                _ZNSt12__cow_stringC1EPKcj
 .text._ZNSs4_Rep9_S_createEjjRKSaIcE
                0x0200c1f0       0xc4 D:/HBBTools/devkitPPC/bin/../lib/gcc/powerpc-eabi/14.2.0/../../../../powerpc-eabi/lib\libstdc++.a(cow-string-inst.o)
                0x0200c1f0                _ZNSs4_Rep9_S_createEjjRKSaIcE
 .text._ZNSs4_Rep10_M_destroyERKSaIcE
                0x0200c2b4        0x4 D:/HBBTools/devkitPPC/bin/../lib/gcc/powerpc-eabi/14.2.0/../../../../powerpc-eabi/lib\libstdc++.a(cow-string-inst.o)
                0x0200c2b4                _ZNSs4_Rep10_M_destroyERKSaIcE
 .text._ZNSt13runtime_errorC2ERKNSt7__cxx1112basic_stringIcSt11char_traitsIcESaIcEEE
                0x0200c2b8       0x5c D:/HBBTools/devkitPPC/bin/../lib/gcc/powerpc-eabi/14.2.0/../../../../powerpc-eabi/lib\libstdc++.a(cxx11-stdexcept.o)
                0x0200c2b8                _ZNSt13runtime_errorC1ERKNSt7__cxx1112basic_stringIcSt11char_traitsIcESaIcEEE
                0x0200c2b8                _ZNSt13runtime_errorC2ERKNSt7__cxx1112basic_stringIcSt11char_traitsIcESaIcEEE
 .text._ZNKSt9bad_alloc4whatEv
                0x0200c314        0xc D:/HBBTools/devkitPPC/bin/../lib/gcc/powerpc-eabi/14.2.0/../../../../powerpc-eabi/lib\libstdc++.a(bad_alloc.o)
                0x0200c314                _ZNKSt9bad_alloc4whatEv
 .text._ZNSt9bad_allocD2Ev
                0x0200c320       0x10 D:/HBBTools/devkitPPC/bin/../lib/gcc/powerpc-eabi/14.2.0/../../../../powerpc-eabi/lib\libstdc++.a(bad_alloc.o)
                0x0200c320                _ZNSt9bad_allocD1Ev
                0x0200c320                _ZNSt9bad_allocD2Ev
 .text._ZNSt9bad_allocD0Ev
                0x0200c330       0x40 D:/HBBTools/devkitPPC/bin/../lib/gcc/powerpc-eabi/14.2.0/../../../../powerpc-eabi/lib\libstdc++.a(bad_alloc.o)
                0x0200c330                _ZNSt9bad_allocD0Ev
 .text._ZdlPv   0x0200c370        0x4 D:/HBBTools/devkitPPC/bin/../lib/gcc/powerpc-eabi/14.2.0/../../../../powerpc-eabi/lib\libstdc++.a(del_op.o)
                0x0200c370                _ZdlPv
 .text._ZSt15get_new_handlerv
                0x0200c374       0x18 D:/HBBTools/devkitPPC/bin/../lib/gcc/powerpc-eabi/14.2.0/../../../../powerpc-eabi/lib\libstdc++.a(new_handler.o)
                0x0200c374                _ZSt15get_new_handlerv
 .text.__divdi3
                0x0200c38c      0x3e8 D:/HBBTools/devkitPPC/bin/../lib/gcc/powerpc-eabi/14.2.0\libgcc.a(_divdi3.o)
                0x0200c38c                __divdi3
 .text.__udivdi3
                0x0200c774      0x3b8 D:/HBBTools/devkitPPC/bin/../lib/gcc/powerpc-eabi/14.2.0\libgcc.a(_udivdi3.o)
                0x0200c774                __udivdi3
 .text.__gthread_active_p
                0x0200cb2c       0x1c D:/HBBTools/devkitPPC/bin/../lib/gcc/powerpc-eabi/14.2.0\libgcc.a(gthr-dkp.o)
                0x0200cb2c                __gthread_active_p
 .text.__gthread_once
                0x0200cb48       0x1c D:/HBBTools/devkitPPC/bin/../lib/gcc/powerpc-eabi/14.2.0\libgcc.a(gthr-dkp.o)
                0x0200cb48                __gthread_once
 .text.__gthread_key_create
                0x0200cb64       0x1c D:/HBBTools/devkitPPC/bin/../lib/gcc/powerpc-eabi/14.2.0\libgcc.a(gthr-dkp.o)
                0x0200cb64                __gthread_key_create
 .text.__gthread_key_delete
                0x0200cb80       0x44 D:/HBBTools/devkitPPC/bin/../lib/gcc/powerpc-eabi/14.2.0\libgcc.a(gthr-dkp.o)
                0x0200cb80                __gthread_key_delete
 .text.__gthread_getspecific
                0x0200cbc4       0x44 D:/HBBTools/devkitPPC/bin/../lib/gcc/powerpc-eabi/14.2.0\libgcc.a(gthr-dkp.o)
                0x0200cbc4                __gthread_getspecific
 .text.__gthread_setspecific
                0x0200cc08       0x44 D:/HBBTools/devkitPPC/bin/../lib/gcc/powerpc-eabi/14.2.0\libgcc.a(gthr-dkp.o)
                0x0200cc08                __gthread_setspecific
 .text.__gthread_mutex_init_function
                0x0200cc4c       0x14 D:/HBBTools/devkitPPC/bin/../lib/gcc/powerpc-eabi/14.2.0\libgcc.a(gthr-dkp.o)
                0x0200cc4c                __gthread_mutex_init_function
 .text.__gthread_mutex_destroy
                0x0200cc60       0x1c D:/HBBTools/devkitPPC/bin/../lib/gcc/powerpc-eabi/14.2.0\libgcc.a(gthr-dkp.o)
                0x0200cc60                __gthread_mutex_destroy
 .text.__gthread_mutex_lock
                0x0200cc7c       0x1c D:/HBBTools/devkitPPC/bin/../lib/gcc/powerpc-eabi/14.2.0\libgcc.a(gthr-dkp.o)
                0x0200cc7c                __gthread_mutex_lock
 .text.__gthread_mutex_unlock
                0x0200cc98       0x1c D:/HBBTools/devkitPPC/bin/../lib/gcc/powerpc-eabi/14.2.0\libgcc.a(gthr-dkp.o)
                0x0200cc98                __gthread_mutex_unlock
 .text.init_dwarf_reg_size_table
                0x0200ccb4      0x1d0 D:/HBBTools/devkitPPC/bin/../lib/gcc/powerpc-eabi/14.2.0\libgcc.a(unwind-dw2.o)
 .text.uw_install_context_1
                0x0200ce84      0x1cc D:/HBBTools/devkitPPC/bin/../lib/gcc/powerpc-eabi/14.2.0\libgcc.a(unwind-dw2.o)
 .text.read_encoded_value
                0x0200d050      0x18c D:/HBBTools/devkitPPC/bin/../lib/gcc/powerpc-eabi/14.2.0\libgcc.a(unwind-dw2.o)
 .text.execute_stack_op
                0x0200d1dc      0x86c D:/HBBTools/devkitPPC/bin/../lib/gcc/powerpc-eabi/14.2.0\libgcc.a(unwind-dw2.o)
 .text.uw_update_context_1
                0x0200da48      0x390 D:/HBBTools/devkitPPC/bin/../lib/gcc/powerpc-eabi/14.2.0\libgcc.a(unwind-dw2.o)
 .text.execute_cfa_program_specialized
                0x0200ddd8      0x950 D:/HBBTools/devkitPPC/bin/../lib/gcc/powerpc-eabi/14.2.0\libgcc.a(unwind-dw2.o)
 .text.execute_cfa_program_generic
                0x0200e728      0x988 D:/HBBTools/devkitPPC/bin/../lib/gcc/powerpc-eabi/14.2.0\libgcc.a(unwind-dw2.o)
 .text.uw_frame_state_for
                0x0200f0b0      0x51c D:/HBBTools/devkitPPC/bin/../lib/gcc/powerpc-eabi/14.2.0\libgcc.a(unwind-dw2.o)
 .text.uw_init_context_1
                0x0200f5cc      0x2d0 D:/HBBTools/devkitPPC/bin/../lib/gcc/powerpc-eabi/14.2.0\libgcc.a(unwind-dw2.o)
 .text._Unwind_RaiseException_Phase2
                0x0200f89c      0x1cc D:/HBBTools/devkitPPC/bin/../lib/gcc/powerpc-eabi/14.2.0\libgcc.a(unwind-dw2.o)
 .text._Unwind_ForcedUnwind_Phase2
                0x0200fa68      0x1f0 D:/HBBTools/devkitPPC/bin/../lib/gcc/powerpc-eabi/14.2.0\libgcc.a(unwind-dw2.o)
 .text._Unwind_SetGR
                0x0200fc58       0x68 D:/HBBTools/devkitPPC/bin/../lib/gcc/powerpc-eabi/14.2.0\libgcc.a(unwind-dw2.o)
                0x0200fc58                _Unwind_SetGR
 .text._Unwind_GetIPInfo
                0x0200fcc0       0x14 D:/HBBTools/devkitPPC/bin/../lib/gcc/powerpc-eabi/14.2.0\libgcc.a(unwind-dw2.o)
                0x0200fcc0                _Unwind_GetIPInfo
 .text._Unwind_SetIP
                0x0200fcd4        0x8 D:/HBBTools/devkitPPC/bin/../lib/gcc/powerpc-eabi/14.2.0\libgcc.a(unwind-dw2.o)
                0x0200fcd4                _Unwind_SetIP
 .text._Unwind_GetLanguageSpecificData
                0x0200fcdc        0x8 D:/HBBTools/devkitPPC/bin/../lib/gcc/powerpc-eabi/14.2.0\libgcc.a(unwind-dw2.o)
                0x0200fcdc                _Unwind_GetLanguageSpecificData
 .text._Unwind_GetRegionStart
                0x0200fce4        0x8 D:/HBBTools/devkitPPC/bin/../lib/gcc/powerpc-eabi/14.2.0\libgcc.a(unwind-dw2.o)
                0x0200fce4                _Unwind_GetRegionStart
 .text._Unwind_GetDataRelBase
                0x0200fcec        0x8 D:/HBBTools/devkitPPC/bin/../lib/gcc/powerpc-eabi/14.2.0\libgcc.a(unwind-dw2.o)
                0x0200fcec                _Unwind_GetDataRelBase
 .text._Unwind_GetTextRelBase
                0x0200fcf4        0x8 D:/HBBTools/devkitPPC/bin/../lib/gcc/powerpc-eabi/14.2.0\libgcc.a(unwind-dw2.o)
                0x0200fcf4                _Unwind_GetTextRelBase
 .text._Unwind_DebugHook
                0x0200fcfc        0x4 D:/HBBTools/devkitPPC/bin/../lib/gcc/powerpc-eabi/14.2.0\libgcc.a(unwind-dw2.o)
 .text._Unwind_RaiseException
                0x0200fd00      0x38c D:/HBBTools/devkitPPC/bin/../lib/gcc/powerpc-eabi/14.2.0\libgcc.a(unwind-dw2.o)
                0x0200fd00                _Unwind_RaiseException
 .text._Unwind_Resume
                0x0201008c      0x1dc D:/HBBTools/devkitPPC/bin/../lib/gcc/powerpc-eabi/14.2.0\libgcc.a(unwind-dw2.o)
                0x0201008c                _Unwind_Resume
 .text._Unwind_Resume_or_Rethrow
                0x02010268      0x280 D:/HBBTools/devkitPPC/bin/../lib/gcc/powerpc-eabi/14.2.0\libgcc.a(unwind-dw2.o)
                0x02010268                _Unwind_Resume_or_Rethrow
 .text._Unwind_DeleteException
                0x020104e8       0x1c D:/HBBTools/devkitPPC/bin/../lib/gcc/powerpc-eabi/14.2.0\libgcc.a(unwind-dw2.o)
                0x020104e8                _Unwind_DeleteException
 .text.fde_unencoded_compare
                0x02010504       0x20 D:/HBBTools/devkitPPC/bin/../lib/gcc/powerpc-eabi/14.2.0\libgcc.a(unwind-dw2-fde.o)
 .text.fde_unencoded_extract
                0x02010524       0x74 D:/HBBTools/devkitPPC/bin/../lib/gcc/powerpc-eabi/14.2.0\libgcc.a(unwind-dw2-fde.o)
 .text.frame_downheap
                0x02010598      0x110 D:/HBBTools/devkitPPC/bin/../lib/gcc/powerpc-eabi/14.2.0\libgcc.a(unwind-dw2-fde.o)
 .text.init_object_mutex
                0x020106a8        0xc D:/HBBTools/devkitPPC/bin/../lib/gcc/powerpc-eabi/14.2.0\libgcc.a(unwind-dw2-fde.o)
 .text.read_encoded_value_with_base
                0x020106b4      0x13c D:/HBBTools/devkitPPC/bin/../lib/gcc/powerpc-eabi/14.2.0\libgcc.a(unwind-dw2-fde.o)
 .text.fde_radixsort
                0x020107f0      0x2a0 D:/HBBTools/devkitPPC/bin/../lib/gcc/powerpc-eabi/14.2.0\libgcc.a(unwind-dw2-fde.o)
 .text.__deregister_frame_info_bases.part.0
                0x02010a90      0x12c D:/HBBTools/devkitPPC/bin/../lib/gcc/powerpc-eabi/14.2.0\libgcc.a(unwind-dw2-fde.o)
 .text.get_cie_encoding
                0x02010bbc      0x14c D:/HBBTools/devkitPPC/bin/../lib/gcc/powerpc-eabi/14.2.0\libgcc.a(unwind-dw2-fde.o)
 .text.fde_mixed_encoding_extract
                0x02010d08       0xfc D:/HBBTools/devkitPPC/bin/../lib/gcc/powerpc-eabi/14.2.0\libgcc.a(unwind-dw2-fde.o)
 .text.classify_object_over_fdes.constprop.0
                0x02010e04      0x21c D:/HBBTools/devkitPPC/bin/../lib/gcc/powerpc-eabi/14.2.0\libgcc.a(unwind-dw2-fde.o)
 .text.fde_single_encoding_extract
                0x02011020      0x108 D:/HBBTools/devkitPPC/bin/../lib/gcc/powerpc-eabi/14.2.0\libgcc.a(unwind-dw2-fde.o)
 .text.fde_single_encoding_compare
                0x02011128       0xd0 D:/HBBTools/devkitPPC/bin/../lib/gcc/powerpc-eabi/14.2.0\libgcc.a(unwind-dw2-fde.o)
 .text.fde_mixed_encoding_compare
                0x020111f8      0x150 D:/HBBTools/devkitPPC/bin/../lib/gcc/powerpc-eabi/14.2.0\libgcc.a(unwind-dw2-fde.o)
 .text.add_fdes.isra.0
                0x02011348      0x2b4 D:/HBBTools/devkitPPC/bin/../lib/gcc/powerpc-eabi/14.2.0\libgcc.a(unwind-dw2-fde.o)
 .text.linear_search_fdes
                0x020115fc      0x308 D:/HBBTools/devkitPPC/bin/../lib/gcc/powerpc-eabi/14.2.0\libgcc.a(unwind-dw2-fde.o)
 .text.search_object
                0x02011904      0x6ac D:/HBBTools/devkitPPC/bin/../lib/gcc/powerpc-eabi/14.2.0\libgcc.a(unwind-dw2-fde.o)
 .text.__register_frame_info
                0x02011fb0       0x9c D:/HBBTools/devkitPPC/bin/../lib/gcc/powerpc-eabi/14.2.0\libgcc.a(unwind-dw2-fde.o)
                0x02011fb0                __register_frame_info
 .text.__deregister_frame_info
                0x0201204c       0x20 D:/HBBTools/devkitPPC/bin/../lib/gcc/powerpc-eabi/14.2.0\libgcc.a(unwind-dw2-fde.o)
                0x0201204c                __deregister_frame_info
 .text._Unwind_Find_FDE
                0x0201206c      0x260 D:/HBBTools/devkitPPC/bin/../lib/gcc/powerpc-eabi/14.2.0\libgcc.a(unwind-dw2-fde.o)
                0x0201206c                _Unwind_Find_FDE
 .text.chdir    0x020122cc      0x1b4 D:/HBBTools/devkitPPC/bin/../lib/gcc/powerpc-eabi/14.2.0/../../../../powerpc-eabi/lib\libsysbase.a(libsysbase_libsysbase_a-chdir.o)
                0x020122cc                chdir
 .text._concatenate_path
                0x02012480      0x278 D:/HBBTools/devkitPPC/bin/../lib/gcc/powerpc-eabi/14.2.0/../../../../powerpc-eabi/lib\libsysbase.a(libsysbase_libsysbase_a-concatenate.o)
                0x02012480                _concatenate_path
 .text.null_write
                0x020126f8        0x8 D:/HBBTools/devkitPPC/bin/../lib/gcc/powerpc-eabi/14.2.0/../../../../powerpc-eabi/lib\libsysbase.a(libsysbase_libsysbase_a-iosupport.o)
 .text.setDefaultDevice
                0x02012700       0x18 D:/HBBTools/devkitPPC/bin/../lib/gcc/powerpc-eabi/14.2.0/../../../../powerpc-eabi/lib\libsysbase.a(libsysbase_libsysbase_a-iosupport.o)
                0x02012700                setDefaultDevice
 .text.FindDevice
                0x02012718      0x14c D:/HBBTools/devkitPPC/bin/../lib/gcc/powerpc-eabi/14.2.0/../../../../powerpc-eabi/lib\libsysbase.a(libsysbase_libsysbase_a-iosupport.o)
                0x02012718                FindDevice
 .text.RemoveDevice
                0x02012864       0x44 D:/HBBTools/devkitPPC/bin/../lib/gcc/powerpc-eabi/14.2.0/../../../../powerpc-eabi/lib\libsysbase.a(libsysbase_libsysbase_a-iosupport.o)
                0x02012864                RemoveDevice
 .text.AddDevice
                0x020128a8      0x118 D:/HBBTools/devkitPPC/bin/../lib/gcc/powerpc-eabi/14.2.0/../../../../powerpc-eabi/lib\libsysbase.a(libsysbase_libsysbase_a-iosupport.o)
                0x020128a8                AddDevice
 .text.strncpy  0x020129c0      0x104 D:/HBBTools/devkitPPC/bin/../lib/gcc/powerpc-eabi/14.2.0/../../../../powerpc-eabi/lib\libc.a(libc_a-strncpy.o)
                0x020129c0                strncpy
 .text.strcmp   0x02012ac4       0x9c D:/HBBTools/devkitPPC/bin/../lib/gcc/powerpc-eabi/14.2.0/../../../../powerpc-eabi/lib\libc.a(libc_a-strcmp.o)
                0x02012ac4                strcmp
 .text.getenv   0x02012b60       0x38 D:/HBBTools/devkitPPC/bin/../lib/gcc/powerpc-eabi/14.2.0/../../../../powerpc-eabi/lib\libc.a(libc_a-getenv.o)
                0x02012b60                getenv
 .text.memset   0x02012b98      0x190 D:/HBBTools/devkitPPC/bin/../lib/gcc/powerpc-eabi/14.2.0/../../../../powerpc-eabi/lib\libc.a(libc_a-memset.o)
                0x02012b98                memset
 .text.strdup   0x02012d28       0x30 D:/HBBTools/devkitPPC/bin/../lib/gcc/powerpc-eabi/14.2.0/../../../../powerpc-eabi/lib\libc.a(libc_a-strdup.o)
                0x02012d28                strdup
 .text.strchr   0x02012d58      0x154 D:/HBBTools/devkitPPC/bin/../lib/gcc/powerpc-eabi/14.2.0/../../../../powerpc-eabi/lib\libc.a(libc_a-strchr.o)
                0x02012d58                strchr
 .text.memcpy   0x02012eac      0x14c D:/HBBTools/devkitPPC/bin/../lib/gcc/powerpc-eabi/14.2.0/../../../../powerpc-eabi/lib\libc.a(libc_a-memcpy.o)
                0x02012eac                memcpy
 .text._strtoul_l.isra.0
                0x02012ff8      0x210 D:/HBBTools/devkitPPC/bin/../lib/gcc/powerpc-eabi/14.2.0/../../../../powerpc-eabi/lib\libc.a(libc_a-strtoul.o)
 .text.strtoul  0x02013208       0x64 D:/HBBTools/devkitPPC/bin/../lib/gcc/powerpc-eabi/14.2.0/../../../../powerpc-eabi/lib\libc.a(libc_a-strtoul.o)
                0x02013208                strtoul
 .text.strncmp  0x0201326c       0xc8 D:/HBBTools/devkitPPC/bin/../lib/gcc/powerpc-eabi/14.2.0/../../../../powerpc-eabi/lib\libc.a(libc_a-strncmp.o)
                0x0201326c                strncmp
 .text.memmove  0x02013334      0x1bc D:/HBBTools/devkitPPC/bin/../lib/gcc/powerpc-eabi/14.2.0/../../../../powerpc-eabi/lib\libc.a(libc_a-memmove.o)
                0x02013334                memmove
 .text.calloc   0x020134f0       0x40 D:/HBBTools/devkitPPC/bin/../lib/gcc/powerpc-eabi/14.2.0/../../../../powerpc-eabi/lib\libc.a(libc_a-calloc.o)
                0x020134f0                calloc
 .text.strlen   0x02013530       0x80 D:/HBBTools/devkitPPC/bin/../lib/gcc/powerpc-eabi/14.2.0/../../../../powerpc-eabi/lib\libc.a(libc_a-strlen.o)
                0x02013530                strlen
 .text._strdup_r
                0x020135b0       0x6c D:/HBBTools/devkitPPC/bin/../lib/gcc/powerpc-eabi/14.2.0/../../../../powerpc-eabi/lib\libc.a(libc_a-strdup_r.o)
                0x020135b0                _strdup_r
 .text.memcmp   0x0201361c      0x13c D:/HBBTools/devkitPPC/bin/../lib/gcc/powerpc-eabi/14.2.0/../../../../powerpc-eabi/lib\libc.a(libc_a-memcmp.o)
                0x0201361c                memcmp
 .text.strrchr  0x02013758       0x78 D:/HBBTools/devkitPPC/bin/../lib/gcc/powerpc-eabi/14.2.0/../../../../powerpc-eabi/lib\libc.a(libc_a-strrchr.o)
                0x02013758                strrchr
 .text.snprintf
                0x020137d0      0x184 D:/HBBTools/devkitPPC/bin/../lib/gcc/powerpc-eabi/14.2.0/../../../../powerpc-eabi/lib\libc.a(libc_a-snprintf.o)
                0x020137d0                snprintf
 .text.strcpy   0x02013954       0x8c D:/HBBTools/devkitPPC/bin/../lib/gcc/powerpc-eabi/14.2.0/../../../../powerpc-eabi/lib\libc.a(libc_a-strcpy.o)
                0x02013954                strcpy
 .text.malloc   0x020139e0       0x58 D:/HBBTools/devkitPPC/bin/../lib/gcc/powerpc-eabi/14.2.0/../../../../powerpc-eabi/lib\libc.a(libc_a-malloc.o)
                0x020139e0                malloc
 .text.free     0x02013a38       0x30 D:/HBBTools/devkitPPC/bin/../lib/gcc/powerpc-eabi/14.2.0/../../../../powerpc-eabi/lib\libc.a(libc_a-malloc.o)
                0x02013a38                free
 .text._reclaim_reent
                0x02013a68      0x10c D:/HBBTools/devkitPPC/bin/../lib/gcc/powerpc-eabi/14.2.0/../../../../powerpc-eabi/lib\libc.a(libc_a-reent.o)
                0x02013a68                _reclaim_reent
 .text._findenv_r
                0x02013b74      0x144 D:/HBBTools/devkitPPC/bin/../lib/gcc/powerpc-eabi/14.2.0/../../../../powerpc-eabi/lib\libc.a(libc_a-getenv_r.o)
                0x02013b74                _findenv_r
 .text.memchr   0x02013cb8      0x178 D:/HBBTools/devkitPPC/bin/../lib/gcc/powerpc-eabi/14.2.0/../../../../powerpc-eabi/lib\libc.a(libc_a-memchr.o)
                0x02013cb8                memchr
 .text.strnlen  0x02013e30       0xc0 D:/HBBTools/devkitPPC/bin/../lib/gcc/powerpc-eabi/14.2.0/../../../../powerpc-eabi/lib\libc.a(libc_a-strnlen.o)
                0x02013e30                strnlen
 .text.memalign
                0x02013ef0       0x40 D:/HBBTools/devkitPPC/bin/../lib/gcc/powerpc-eabi/14.2.0/../../../../powerpc-eabi/lib\libc.a(libc_a-malign.o)
                0x02013ef0                memalign
 .text.__env_lock
                0x02013f30       0x40 D:/HBBTools/devkitPPC/bin/../lib/gcc/powerpc-eabi/14.2.0/../../../../powerpc-eabi/lib\libc.a(libc_a-envlock.o)
                0x02013f30                __env_lock
 .text.__env_unlock
                0x02013f70        0xc D:/HBBTools/devkitPPC/bin/../lib/gcc/powerpc-eabi/14.2.0/../../../../powerpc-eabi/lib\libc.a(libc_a-envlock.o)
                0x02013f70                __env_unlock
 .text._svfprintf_r
                0x02013f7c     0x23c0 D:/HBBTools/devkitPPC/bin/../lib/gcc/powerpc-eabi/14.2.0/../../../../powerpc-eabi/lib\libc.a(libc_a-svfprintf.o)
                0x02013f7c                _svfprintf_r
 .text._wcrtomb_r
                0x0201633c      0x110 D:/HBBTools/devkitPPC/bin/../lib/gcc/powerpc-eabi/14.2.0/../../../../powerpc-eabi/lib\libc.a(libc_a-wcrtomb.o)
                0x0201633c                _wcrtomb_r
 .text.quorem   0x0201644c      0x30c D:/HBBTools/devkitPPC/bin/../lib/gcc/powerpc-eabi/14.2.0/../../../../powerpc-eabi/lib\libc.a(libc_a-dtoa.o)
 .text._dtoa_r  0x02016758     0x163c D:/HBBTools/devkitPPC/bin/../lib/gcc/powerpc-eabi/14.2.0/../../../../powerpc-eabi/lib\libc.a(libc_a-dtoa.o)
                0x02016758                _dtoa_r
 .text.__ssprint_r
                0x02017d94      0x10c D:/HBBTools/devkitPPC/bin/../lib/gcc/powerpc-eabi/14.2.0/../../../../powerpc-eabi/lib\libc.a(libc_a-ssprint_r.o)
                0x02017d94                __ssprint_r
 .text.frexp    0x02017ea0       0x90 D:/HBBTools/devkitPPC/bin/../lib/gcc/powerpc-eabi/14.2.0/../../../../powerpc-eabi/lib\libc.a(libm_a-s_frexp.o)
                0x02017ea0                frexp
 .text._Balloc  0x02017f30       0xe0 D:/HBBTools/devkitPPC/bin/../lib/gcc/powerpc-eabi/14.2.0/../../../../powerpc-eabi/lib\libc.a(libc_a-mprec.o)
                0x02017f30                _Balloc
 .text._Bfree   0x02018010       0x24 D:/HBBTools/devkitPPC/bin/../lib/gcc/powerpc-eabi/14.2.0/../../../../powerpc-eabi/lib\libc.a(libc_a-mprec.o)
                0x02018010                _Bfree
 .text.__multadd
                0x02018034      0x154 D:/HBBTools/devkitPPC/bin/../lib/gcc/powerpc-eabi/14.2.0/../../../../powerpc-eabi/lib\libc.a(libc_a-mprec.o)
                0x02018034                __multadd
 .text.__hi0bits
                0x02018188       0x98 D:/HBBTools/devkitPPC/bin/../lib/gcc/powerpc-eabi/14.2.0/../../../../powerpc-eabi/lib\libc.a(libc_a-mprec.o)
                0x02018188                __hi0bits
 .text.__lo0bits
                0x02018220      0x10c D:/HBBTools/devkitPPC/bin/../lib/gcc/powerpc-eabi/14.2.0/../../../../powerpc-eabi/lib\libc.a(libc_a-mprec.o)
                0x02018220                __lo0bits
 .text.__i2b    0x0201832c      0x108 D:/HBBTools/devkitPPC/bin/../lib/gcc/powerpc-eabi/14.2.0/../../../../powerpc-eabi/lib\libc.a(libc_a-mprec.o)
                0x0201832c                __i2b
 .text.__multiply
                0x02018434      0x354 D:/HBBTools/devkitPPC/bin/../lib/gcc/powerpc-eabi/14.2.0/../../../../powerpc-eabi/lib\libc.a(libc_a-mprec.o)
                0x02018434                __multiply
 .text.__pow5mult
                0x02018788      0x1a4 D:/HBBTools/devkitPPC/bin/../lib/gcc/powerpc-eabi/14.2.0/../../../../powerpc-eabi/lib\libc.a(libc_a-mprec.o)
                0x02018788                __pow5mult
 .text.__lshift
                0x0201892c      0x26c D:/HBBTools/devkitPPC/bin/../lib/gcc/powerpc-eabi/14.2.0/../../../../powerpc-eabi/lib\libc.a(libc_a-mprec.o)
                0x0201892c                __lshift
 .text.__mcmp   0x02018b98       0xdc D:/HBBTools/devkitPPC/bin/../lib/gcc/powerpc-eabi/14.2.0/../../../../powerpc-eabi/lib\libc.a(libc_a-mprec.o)
                0x02018b98                __mcmp
 .text.__mdiff  0x02018c74      0x328 D:/HBBTools/devkitPPC/bin/../lib/gcc/powerpc-eabi/14.2.0/../../../../powerpc-eabi/lib\libc.a(libc_a-mprec.o)
                0x02018c74                __mdiff
 .text.__d2b    0x02018f9c      0x198 D:/HBBTools/devkitPPC/bin/../lib/gcc/powerpc-eabi/14.2.0/../../../../powerpc-eabi/lib\libc.a(libc_a-mprec.o)
                0x02018f9c                __d2b
 .text._localeconv_r
                0x02019134       0x4c D:/HBBTools/devkitPPC/bin/../lib/gcc/powerpc-eabi/14.2.0/../../../../powerpc-eabi/lib\libc.a(libc_a-localeconv.o)
                0x02019134                _localeconv_r
 .text.__locale_mb_cur_max
                0x02019180       0x4c D:/HBBTools/devkitPPC/bin/../lib/gcc/powerpc-eabi/14.2.0/../../../../powerpc-eabi/lib\libc.a(libc_a-locale.o)
                0x02019180                __locale_mb_cur_max
 .text._wcsrtombs_r
                0x020191cc       0x10 D:/HBBTools/devkitPPC/bin/../lib/gcc/powerpc-eabi/14.2.0/../../../../powerpc-eabi/lib\libc.a(libc_a-wcsrtombs.o)
                0x020191cc                _wcsrtombs_r
 .text.__utf8_mbtowc
                0x020191dc      0x328 D:/HBBTools/devkitPPC/bin/../lib/gcc/powerpc-eabi/14.2.0/../../../../powerpc-eabi/lib\libc.a(libc_a-mbtowc_r.o)
                0x020191dc                __utf8_mbtowc
 .text.__ssputs_r
                0x02019504      0x188 D:/HBBTools/devkitPPC/bin/../lib/gcc/powerpc-eabi/14.2.0/../../../../powerpc-eabi/lib\libc.a(libc_a-ssputs_r.o)
                0x02019504                __ssputs_r
 .text._wcsnrtombs_l
                0x0201968c      0x1e8 D:/HBBTools/devkitPPC/bin/../lib/gcc/powerpc-eabi/14.2.0/../../../../powerpc-eabi/lib\libc.a(libc_a-wcsnrtombs.o)
                0x0201968c                _wcsnrtombs_l
 .text._wcsnrtombs_r
                0x02019874       0xd8 D:/HBBTools/devkitPPC/bin/../lib/gcc/powerpc-eabi/14.2.0/../../../../powerpc-eabi/lib\libc.a(libc_a-wcsnrtombs.o)
                0x02019874                _wcsnrtombs_r
 .text.__utf8_wctomb
                0x0201994c      0x108 D:/HBBTools/devkitPPC/bin/../lib/gcc/powerpc-eabi/14.2.0/../../../../powerpc-eabi/lib\libc.a(libc_a-wctomb_r.o)
                0x0201994c                __utf8_wctomb
 .text.__libc_lock_acquire
                0x02019a54       0x14 D:/HBBTools/devkitPPC/bin/../lib/gcc/powerpc-eabi/14.2.0/../../../../powerpc-eabi/lib\libsysbase.a(libsysbase_libsysbase_a-syscall_support.o)
                0x02019a54                __libc_lock_acquire
 .text.__libc_lock_release
                0x02019a68       0x14 D:/HBBTools/devkitPPC/bin/../lib/gcc/powerpc-eabi/14.2.0/../../../../powerpc-eabi/lib\libsysbase.a(libsysbase_libsysbase_a-syscall_support.o)
                0x02019a68                __libc_lock_release
 .text.__libc_lock_init_recursive
                0x02019a7c       0x14 D:/HBBTools/devkitPPC/bin/../lib/gcc/powerpc-eabi/14.2.0/../../../../powerpc-eabi/lib\libsysbase.a(libsysbase_libsysbase_a-syscall_support.o)
                0x02019a7c                __libc_lock_init_recursive
 .text.__umoddi3
                0x02019a90      0x390 D:/HBBTools/devkitPPC/bin/../lib/gcc/powerpc-eabi/14.2.0\libgcc.a(_umoddi3.o)
                0x02019a90                __umoddi3
 .text          0x02019e20       0x58 D:/HBBTools/devkitPPC/bin/../lib/gcc/powerpc-eabi/14.2.0\libgcc.a(crtresxfpr.o)
                0x02019e20                _restfpr_14_x
                0x02019e24                _restfpr_15_x
                0x02019e28                _restfpr_16_x
                0x02019e2c                _restfpr_17_x
                0x02019e30                _restfpr_18_x
                0x02019e34                _restfpr_19_x
                0x02019e38                _restfpr_20_x
                0x02019e3c                _restfpr_21_x
                0x02019e40                _restfpr_22_x
                0x02019e44                _restfpr_23_x
                0x02019e48                _restfpr_24_x
                0x02019e4c                _restfpr_25_x
                0x02019e50                _restfpr_26_x
                0x02019e54                _restfpr_27_x
                0x02019e58                _restfpr_28_x
                0x02019e5c                _restfpr_29_x
                0x02019e60                _restfpr_30_x
                0x02019e64                _restfpr_31_x
 .text.__do_global_ctors_aux
                0x02019e78       0x50 D:/HBBTools/devkitPPC/bin/../lib/gcc/powerpc-eabi/14.2.0/crtend.o
 *(.gnu.warning)
 *(.glink)
 .glink         0x02019ec8        0x0 D:/HBBTools/devkitPPC/bin/../lib/gcc/powerpc-eabi/14.2.0/crtbegin.o
 *(SORT_NONE(.fini))
 .fini          0x02019ec8        0xc D:/HBBTools/devkitPPC/bin/../lib/gcc/powerpc-eabi/14.2.0/ecrti.o
                0x02019ec8                __fini
 .fini          0x02019ed4        0x4 D:/HBBTools/devkitPPC/bin/../lib/gcc/powerpc-eabi/14.2.0/crtbegin.o
 .fini          0x02019ed8       0x10 D:/HBBTools/devkitPPC/bin/../lib/gcc/powerpc-eabi/14.2.0/ecrtn.o
                0x10000000                        . = ORIGIN (datamem)

.rodata         0x10000000     0x2c30
 *(.sdata2 .sdata2.* .gnu.linkonce.s2.*)
 .sdata2        0x10000000        0x0 D:/HBBTools/devkitPPC/bin/../lib/gcc/powerpc-eabi/14.2.0/crtbegin.o
                0x10008000                _SDA2_BASE_
 *(.sbss2 .sbss2.* .gnu.linkonce.sb2.*)
 *(.rodata .rodata.* .gnu.linkonce.r.*)
 .rodata.str1.4
                0x10000000     0x1944 main.o
                                0x73b (size before relaxing)
 .rodata._ZTS21WUPSConfigItemBoolean
                0x10001944       0x18 main.o
                0x10001944                _ZTS21WUPSConfigItemBoolean
 .rodata._ZTI21WUPSConfigItemBoolean
                0x1000195c        0xc main.o
                0x1000195c                _ZTI21WUPSConfigItemBoolean
 .rodata._ZTS26WUPSConfigItemIntegerRange
                0x10001968       0x1d main.o
                0x10001968                _ZTS26WUPSConfigItemIntegerRange
 *fill*         0x10001985        0x3 
 .rodata._ZTI26WUPSConfigItemIntegerRange
                0x10001988        0xc main.o
                0x10001988                _ZTI26WUPSConfigItemIntegerRange
 .rodata._ZTS28WUPSConfigItemMultipleValues
                0x10001994       0x1f main.o
                0x10001994                _ZTS28WUPSConfigItemMultipleValues
 *fill*         0x100019b3        0x1 
 .rodata._ZTI28WUPSConfigItemMultipleValues
                0x100019b4        0xc main.o
                0x100019b4                _ZTI28WUPSConfigItemMultipleValues
 .rodata._ZTS18WUPSConfigItemStub
                0x100019c0       0x15 main.o
                0x100019c0                _ZTS18WUPSConfigItemStub
 *fill*         0x100019d5        0x3 
 .rodata._ZTI18WUPSConfigItemStub
                0x100019d8        0xc main.o
                0x100019d8                _ZTI18WUPSConfigItemStub
 .rodata._ZTV21WUPSConfigItemBoolean
                0x100019e4       0x10 main.o
                0x100019e4                _ZTV21WUPSConfigItemBoolean
 .rodata._ZTV26WUPSConfigItemIntegerRange
                0x100019f4       0x10 main.o
                0x100019f4                _ZTV26WUPSConfigItemIntegerRange
 .rodata._ZTV28WUPSConfigItemMultipleValues
                0x10001a04       0x10 main.o
                0x10001a04                _ZTV28WUPSConfigItemMultipleValues
 .rodata._ZTV18WUPSConfigItemStub
                0x10001a14       0x10 main.o
                0x10001a14                _ZTV18WUPSConfigItemStub
 .rodata        0x10001a24       0x24 main.o
 .rodata._ZN18WUPSConfigCategory3addEOS_R19WUPSConfigAPIStatus.str1.4
                0x10001a48       0x18 D:/HBBTools/wups/lib\libwups.a(WUPSConfigCategory.o)
 .rodata._ZN18WUPSConfigCategory3addEOS_.str1.4
                0x10001a48       0x23 D:/HBBTools/wups/lib\libwups.a(WUPSConfigCategory.o)
 .rodata._ZN18WUPSConfigCategory3addEO14WUPSConfigItem.str1.4
                0x10001a48       0x1f D:/HBBTools/wups/lib\libwups.a(WUPSConfigCategory.o)
 .rodata._ZN18WUPSConfigCategory6CreateESt17basic_string_viewIcSt11char_traitsIcEE.str1.4
                0x10001a48       0x31 D:/HBBTools/wups/lib\libwups.a(WUPSConfigCategory.o)
 .rodata._ZTS18WUPSConfigCategory
                0x10001a48       0x15 D:/HBBTools/wups/lib\libwups.a(WUPSConfigCategory.o)
                0x10001a48                _ZTS18WUPSConfigCategory
 *fill*         0x10001a5d        0x3 
 .rodata._ZTV18WUPSConfigCategory
                0x10001a60       0x10 D:/HBBTools/wups/lib\libwups.a(WUPSConfigCategory.o)
                0x10001a60                _ZTV18WUPSConfigCategory
 .rodata._ZTS14WUPSConfigItem
                0x10001a70       0x11 D:/HBBTools/wups/lib\libwups.a(WUPSConfigItem.o)
                0x10001a70                _ZTS14WUPSConfigItem
 *fill*         0x10001a81        0x3 
 .rodata._ZTV14WUPSConfigItem
                0x10001a84       0x10 D:/HBBTools/wups/lib\libwups.a(WUPSConfigItem.o)
                0x10001a84                _ZTV14WUPSConfigItem
 .rodata._ZN21WUPSConfigItemBoolean6CreateESt8optionalINSt7__cxx1112basic_stringIcSt11char_traitsIcESaIcEEEESt17basic_string_viewIcS4_EbbPFvP17ConfigItemBooleanbER19WUPSConfigAPIStatus.str1.4
                0x10001a94        0xd D:/HBBTools/wups/lib\libwups.a(WUPSConfigItemBooleanCpp.o)
 .rodata._ZNSt7__cxx1112basic_stringIcSt11char_traitsIcESaIcEEC2IS3_EEPKcRKS3_.str1.4
                0x10001a94       0x32 D:/HBBTools/wups/lib\libwups.a(WUPSConfigItemBooleanCpp.o)
 .rodata._ZNSt7__cxx1112basic_stringIcSt11char_traitsIcESaIcEE9_M_mutateEjjPKcj.str1.4
                0x10001a94       0x18 D:/HBBTools/wups/lib\libwups.a(WUPSConfigItemBooleanCpp.o)
 .rodata._ZNSt7__cxx1112basic_stringIcSt11char_traitsIcESaIcEE6appendEPKc.str1.4
                0x10001a94       0x15 D:/HBBTools/wups/lib\libwups.a(WUPSConfigItemBooleanCpp.o)
 .rodata._ZN21WUPSConfigItemBoolean8CreateExESt8optionalINSt7__cxx1112basic_stringIcSt11char_traitsIcESaIcEEEESt17basic_string_viewIcS4_EbbPFvP17ConfigItemBooleanbES9_S9_.str1.4
                0x10001a94       0x29 D:/HBBTools/wups/lib\libwups.a(WUPSConfigItemBooleanCpp.o)